139.99.61.171 - - [24/Feb/2022:09:56:04 +0000] "HEAD /static/webfonts/fa-v4compatibility.woff2 HTTP/1.1" 200 0 "https://elportavozchocoano.com/static/css/all.min.css" "Mozilla/5.0 (Windows NT 10.0; Win64; x64) AppleWebKit/537.36 (KHTML, like Gecko) Chrome/42.0.2311.135 Safari/537.36 Edge/12.246"
139.99.61.171 - - [24/Feb/2022:09:56:05 +0000] "HEAD /static/webfonts/fa-v4compatibility.ttf HTTP/1.1" 200 0 "https://elportavozchocoano.com/static/css/all.min.css" "Mozilla/5.0 (Windows NT 10.0; Win64; x64) AppleWebKit/537.36 (KHTML, like Gecko) Chrome/42.0.2311.135 Safari/537.36 Edge/12.246"
139.99.61.171 - - [24/Feb/2022:09:56:05 +0000] "HEAD /static/img/fondo.svg HTTP/1.1" 200 0 "https://elportavozchocoano.com/acerca-de" "Mozilla/5.0 (Windows NT 10.0; Win64; x64) AppleWebKit/537.36 (KHTML, like Gecko) Chrome/42.0.2311.135 Safari/537.36 Edge/12.246"
139.99.61.171 - - [24/Feb/2022:09:56:05 +0000] "HEAD /static/img/Red_Nacional_Bibliotecas.svg HTTP/1.1" 200 0 "https://elportavozchocoano.com/acerca-de" "Mozilla/5.0 (Windows NT 10.0; Win64; x64) AppleWebKit/537.36 (KHTML, like Gecko) Chrome/42.0.2311.135 Safari/537.36 Edge/12.246"
139.99.61.171 - - [24/Feb/2022:09:56:05 +0000] "HEAD /indigena?page=2 HTTP/1.1" 200 0 "https://elportavozchocoano.com/indigena" "Mozilla/5.0 (Windows NT 10.0; Win64; x64) AppleWebKit/537.36 (KHTML, like Gecko) Chrome/42.0.2311.135 Safari/537.36 Edge/12.246"
139.99.61.171 - - [24/Feb/2022:09:56:05 +0000] "GET /indigena?page=2 HTTP/1.1" 200 9732 "https://elportavozchocoano.com/indigena" "Mozilla/5.0 (Windows NT 10.0; Win64; x64) AppleWebKit/537.36 (KHTML, like Gecko) Chrome/42.0.2311.135 Safari/537.36 Edge/12.246"
139.99.61.171 - - [24/Feb/2022:09:56:06 +0000] "HEAD /indigena?page=32 HTTP/1.1" 200 0 "https://elportavozchocoano.com/indigena" "Mozilla/5.0 (Windows NT 10.0; Win64; x64) AppleWebKit/537.36 (KHTML, like Gecko) Chrome/42.0.2311.135 Safari/537.36 Edge/12.246"
139.99.61.171 - - [24/Feb/2022:09:56:06 +0000] "GET /indigena?page=32 HTTP/1.1" 200 8032 "https://elportavozchocoano.com/indigena" "Mozilla/5.0 (Windows NT 10.0; Win64; x64) AppleWebKit/537.36 (KHTML, like Gecko) Chrome/42.0.2311.135 Safari/537.36 Edge/12.246"
139.99.61.171 - - [24/Feb/2022:09:56:06 +0000] "HEAD /afro?page=2 HTTP/1.1" 200 0 "https://elportavozchocoano.com/afro" "Mozilla/5.0 (Windows NT 10.0; Win64; x64) AppleWebKit/537.36 (KHTML, like Gecko) Chrome/42.0.2311.135 Safari/537.36 Edge/12.246"
139.99.61.171 - - [24/Feb/2022:09:56:07 +0000] "GET /afro?page=2 HTTP/1.1" 200 9698 "https://elportavozchocoano.com/afro" "Mozilla/5.0 (Windows NT 10.0; Win64; x64) AppleWebKit/537.36 (KHTML, like Gecko) Chrome/42.0.2311.135 Safari/537.36 Edge/12.246"
139.99.61.171 - - [24/Feb/2022:09:56:07 +0000] "HEAD /afro?page=53 HTTP/1.1" 200 0 "https://elportavozchocoano.com/afro" "Mozilla/5.0 (Windows NT 10.0; Win64; x64) AppleWebKit/537.36 (KHTML, like Gecko) Chrome/42.0.2311.135 Safari/537.36 Edge/12.246"
139.99.61.171 - - [24/Feb/2022:09:56:07 +0000] "GET /afro?page=53 HTTP/1.1" 200 7245 "https://elportavozchocoano.com/afro" "Mozilla/5.0 (Windows NT 10.0; Win64; x64) AppleWebKit/537.36 (KHTML, like Gecko) Chrome/42.0.2311.135 Safari/537.36 Edge/12.246"
139.99.61.171 - - [24/Feb/2022:09:56:07 +0000] "HEAD /indigena?page=1 HTTP/1.1" 200 0 "https://elportavozchocoano.com/indigena?page=2" "Mozilla/5.0 (Windows NT 10.0; Win64; x64) AppleWebKit/537.36 (KHTML, like Gecko) Chrome/42.0.2311.135 Safari/537.36 Edge/12.246"
139.99.61.171 - - [24/Feb/2022:09:56:08 +0000] "GET /indigena?page=1 HTTP/1.1" 200 9764 "https://elportavozchocoano.com/indigena?page=2" "Mozilla/5.0 (Windows NT 10.0; Win64; x64) AppleWebKit/537.36 (KHTML, like Gecko) Chrome/42.0.2311.135 Safari/537.36 Edge/12.246"
139.99.61.171 - - [24/Feb/2022:09:56:08 +0000] "HEAD /indigena?page=3 HTTP/1.1" 200 0 "https://elportavozchocoano.com/indigena?page=2" "Mozilla/5.0 (Windows NT 10.0; Win64; x64) AppleWebKit/537.36 (KHTML, like Gecko) Chrome/42.0.2311.135 Safari/537.36 Edge/12.246"
139.99.61.171 - - [24/Feb/2022:09:56:08 +0000] "GET /indigena?page=3 HTTP/1.1" 200 9798 "https://elportavozchocoano.com/indigena?page=2" "Mozilla/5.0 (Windows NT 10.0; Win64; x64) AppleWebKit/537.36 (KHTML, like Gecko) Chrome/42.0.2311.135 Safari/537.36 Edge/12.246"
139.99.61.171 - - [24/Feb/2022:09:56:08 +0000] "HEAD /indigena?page=31 HTTP/1.1" 200 0 "https://elportavozchocoano.com/indigena?page=32" "Mozilla/5.0 (Windows NT 10.0; Win64; x64) AppleWebKit/537.36 (KHTML, like Gecko) Chrome/42.0.2311.135 Safari/537.36 Edge/12.246"
139.99.61.171 - - [24/Feb/2022:09:56:08 +0000] "GET /indigena?page=31 HTTP/1.1" 200 9795 "https://elportavozchocoano.com/indigena?page=32" "Mozilla/5.0 (Windows NT 10.0; Win64; x64) AppleWebKit/537.36 (KHTML, like Gecko) Chrome/42.0.2311.135 Safari/537.36 Edge/12.246"
139.99.61.171 - - [24/Feb/2022:09:56:09 +0000] "HEAD /afro?page=1 HTTP/1.1" 200 0 "https://elportavozchocoano.com/afro?page=2" "Mozilla/5.0 (Windows NT 10.0; Win64; x64) AppleWebKit/537.36 (KHTML, like Gecko) Chrome/42.0.2311.135 Safari/537.36 Edge/12.246"
139.99.61.171 - - [24/Feb/2022:09:56:09 +0000] "GET /afro?page=1 HTTP/1.1" 200 9561 "https://elportavozchocoano.com/afro?page=2" "Mozilla/5.0 (Windows NT 10.0; Win64; x64) AppleWebKit/537.36 (KHTML, like Gecko) Chrome/42.0.2311.135 Safari/537.36 Edge/12.246"
139.99.61.171 - - [24/Feb/2022:09:56:09 +0000] "HEAD /afro?page=3 HTTP/1.1" 200 0 "https://elportavozchocoano.com/afro?page=2" "Mozilla/5.0 (Windows NT 10.0; Win64; x64) AppleWebKit/537.36 (KHTML, like Gecko) Chrome/42.0.2311.135 Safari/537.36 Edge/12.246"
139.99.61.171 - - [24/Feb/2022:09:56:09 +0000] "GET /afro?page=3 HTTP/1.1" 200 9667 "https://elportavozchocoano.com/afro?page=2" "Mozilla/5.0 (Windows NT 10.0; Win64; x64) AppleWebKit/537.36 (KHTML, like Gecko) Chrome/42.0.2311.135 Safari/537.36 Edge/12.246"
139.99.61.171 - - [24/Feb/2022:09:56:10 +0000] "HEAD /afro?page=52 HTTP/1.1" 200 0 "https://elportavozchocoano.com/afro?page=53" "Mozilla/5.0 (Windows NT 10.0; Win64; x64) AppleWebKit/537.36 (KHTML, like Gecko) Chrome/42.0.2311.135 Safari/537.36 Edge/12.246"
139.99.61.171 - - [24/Feb/2022:09:56:10 +0000] "GET /afro?page=52 HTTP/1.1" 200 9651 "https://elportavozchocoano.com/afro?page=53" "Mozilla/5.0 (Windows NT 10.0; Win64; x64) AppleWebKit/537.36 (KHTML, like Gecko) Chrome/42.0.2311.135 Safari/537.36 Edge/12.246"
139.99.61.171 - - [24/Feb/2022:09:56:10 +0000] "HEAD /indigena?page=4 HTTP/1.1" 200 0 "https://elportavozchocoano.com/indigena?page=3" "Mozilla/5.0 (Windows NT 10.0; Win64; x64) AppleWebKit/537.36 (KHTML, like Gecko) Chrome/42.0.2311.135 Safari/537.36 Edge/12.246"
139.99.61.171 - - [24/Feb/2022:09:56:10 +0000] "GET /indigena?page=4 HTTP/1.1" 200 9729 "https://elportavozchocoano.com/indigena?page=3" "Mozilla/5.0 (Windows NT 10.0; Win64; x64) AppleWebKit/537.36 (KHTML, like Gecko) Chrome/42.0.2311.135 Safari/537.36 Edge/12.246"
139.99.61.171 - - [24/Feb/2022:09:56:11 +0000] "HEAD /indigena?page=30 HTTP/1.1" 200 0 "https://elportavozchocoano.com/indigena?page=31" "Mozilla/5.0 (Windows NT 10.0; Win64; x64) AppleWebKit/537.36 (KHTML, like Gecko) Chrome/42.0.2311.135 Safari/537.36 Edge/12.246"
139.99.61.171 - - [24/Feb/2022:09:56:11 +0000] "GET /indigena?page=30 HTTP/1.1" 200 9784 "https://elportavozchocoano.com/indigena?page=31" "Mozilla/5.0 (Windows NT 10.0; Win64; x64) AppleWebKit/537.36 (KHTML, like Gecko) Chrome/42.0.2311.135 Safari/537.36 Edge/12.246"
139.99.61.171 - - [24/Feb/2022:09:56:11 +0000] "HEAD /afro?page=4 HTTP/1.1" 200 0 "https://elportavozchocoano.com/afro?page=3" "Mozilla/5.0 (Windows NT 10.0; Win64; x64) AppleWebKit/537.36 (KHTML, like Gecko) Chrome/42.0.2311.135 Safari/537.36 Edge/12.246"
139.99.61.171 - - [24/Feb/2022:09:56:11 +0000] "GET /afro?page=4 HTTP/1.1" 200 9721 "https://elportavozchocoano.com/afro?page=3" "Mozilla/5.0 (Windows NT 10.0; Win64; x64) AppleWebKit/537.36 (KHTML, like Gecko) Chrome/42.0.2311.135 Safari/537.36 Edge/12.246"
139.99.61.171 - - [24/Feb/2022:09:56:12 +0000] "HEAD /afro?page=51 HTTP/1.1" 200 0 "https://elportavozchocoano.com/afro?page=52" "Mozilla/5.0 (Windows NT 10.0; Win64; x64) AppleWebKit/537.36 (KHTML, like Gecko) Chrome/42.0.2311.135 Safari/537.36 Edge/12.246"
139.99.61.171 - - [24/Feb/2022:09:56:12 +0000] "GET /afro?page=51 HTTP/1.1" 200 10426 "https://elportavozchocoano.com/afro?page=52" "Mozilla/5.0 (Windows NT 10.0; Win64; x64) AppleWebKit/537.36 (KHTML, like Gecko) Chrome/42.0.2311.135 Safari/537.36 Edge/12.246"
139.99.61.171 - - [24/Feb/2022:09:56:12 +0000] "HEAD /indigena?page=5 HTTP/1.1" 200 0 "https://elportavozchocoano.com/indigena?page=4" "Mozilla/5.0 (Windows NT 10.0; Win64; x64) AppleWebKit/537.36 (KHTML, like Gecko) Chrome/42.0.2311.135 Safari/537.36 Edge/12.246"
139.99.61.171 - - [24/Feb/2022:09:56:12 +0000] "GET /indigena?page=5 HTTP/1.1" 200 9767 "https://elportavozchocoano.com/indigena?page=4" "Mozilla/5.0 (Windows NT 10.0; Win64; x64) AppleWebKit/537.36 (KHTML, like Gecko) Chrome/42.0.2311.135 Safari/537.36 Edge/12.246"
139.99.61.171 - - [24/Feb/2022:09:56:13 +0000] "HEAD /indigena?page=29 HTTP/1.1" 200 0 "https://elportavozchocoano.com/indigena?page=30" "Mozilla/5.0 (Windows NT 10.0; Win64; x64) AppleWebKit/537.36 (KHTML, like Gecko) Chrome/42.0.2311.135 Safari/537.36 Edge/12.246"
139.99.61.171 - - [24/Feb/2022:09:56:13 +0000] "GET /indigena?page=29 HTTP/1.1" 200 9782 "https://elportavozchocoano.com/indigena?page=30" "Mozilla/5.0 (Windows NT 10.0; Win64; x64) AppleWebKit/537.36 (KHTML, like Gecko) Chrome/42.0.2311.135 Safari/537.36 Edge/12.246"
139.99.61.171 - - [24/Feb/2022:09:56:13 +0000] "HEAD /afro?page=5 HTTP/1.1" 200 0 "https://elportavozchocoano.com/afro?page=4" "Mozilla/5.0 (Windows NT 10.0; Win64; x64) AppleWebKit/537.36 (KHTML, like Gecko) Chrome/42.0.2311.135 Safari/537.36 Edge/12.246"
139.99.61.171 - - [24/Feb/2022:09:56:13 +0000] "GET /afro?page=5 HTTP/1.1" 200 9709 "https://elportavozchocoano.com/afro?page=4" "Mozilla/5.0 (Windows NT 10.0; Win64; x64) AppleWebKit/537.36 (KHTML, like Gecko) Chrome/42.0.2311.135 Safari/537.36 Edge/12.246"
139.99.61.171 - - [24/Feb/2022:09:56:14 +0000] "HEAD /afro?page=50 HTTP/1.1" 200 0 "https://elportavozchocoano.com/afro?page=51" "Mozilla/5.0 (Windows NT 10.0; Win64; x64) AppleWebKit/537.36 (KHTML, like Gecko) Chrome/42.0.2311.135 Safari/537.36 Edge/12.246"
139.99.61.171 - - [24/Feb/2022:09:56:14 +0000] "GET /afro?page=50 HTTP/1.1" 200 10205 "https://elportavozchocoano.com/afro?page=51" "Mozilla/5.0 (Windows NT 10.0; Win64; x64) AppleWebKit/537.36 (KHTML, like Gecko) Chrome/42.0.2311.135 Safari/537.36 Edge/12.246"
139.99.61.171 - - [24/Feb/2022:09:56:30 +0000] "GET / HTTP/1.1" 200 8987 "-" "Mozilla/5.0 (Windows NT 6.1; WOW64) AppleWebKit/537.1 (KHTML, like Gecko) Chrome/21.0.1180.83 Safari/537.1"
139.99.61.171 - - [24/Feb/2022:09:56:33 +0000] "GET / HTTP/1.1" 200 8987 "-" "Mozilla/5.0 (Windows NT 6.1; WOW64) AppleWebKit/537.1 (KHTML, like Gecko) Chrome/21.0.1180.83 Safari/537.1"
139.99.61.171 - - [24/Feb/2022:09:56:36 +0000] "GET /robots.txt HTTP/1.1" 200 5876 "-" "Mozilla/5.0 (Windows NT 6.1; WOW64) AppleWebKit/537.1 (KHTML, like Gecko) Chrome/21.0.1180.83 Safari/537.1"
139.99.61.171 - - [24/Feb/2022:09:57:05 +0000] "GET /robots.txt HTTP/1.1" 200 5876 "-" "Mozilla/5.0 (Windows NT 6.1; WOW64) AppleWebKit/537.1 (KHTML, like Gecko) Chrome/21.0.1180.83 Safari/537.1"
139.99.61.171 - - [24/Feb/2022:09:57:31 +0000] "GET /acerca-de HTTP/1.1" 200 8624 "-" "Mozilla/5.0 (Windows NT 6.1; WOW64) AppleWebKit/537.1 (KHTML, like Gecko) Chrome/21.0.1180.83 Safari/537.1"
139.99.61.171 - - [24/Feb/2022:09:58:09 +0000] "GET /acerca-de HTTP/1.1" 200 8624 "-" "Mozilla/5.0 (Windows NT 6.1; WOW64) AppleWebKit/537.1 (KHTML, like Gecko) Chrome/21.0.1180.83 Safari/537.1"
139.99.61.171 - - [24/Feb/2022:09:59:14 +0000] "GET /indigena HTTP/1.1" 200 9764 "-" "Mozilla/5.0 (Windows NT 6.1; WOW64) AppleWebKit/537.1 (KHTML, like Gecko) Chrome/21.0.1180.83 Safari/537.1"
139.99.61.171 - - [24/Feb/2022:09:59:37 +0000] "GET /indigena HTTP/1.1" 200 9764 "-" "Mozilla/5.0 (Windows NT 6.1; WOW64) AppleWebKit/537.1 (KHTML, like Gecko) Chrome/21.0.1180.83 Safari/537.1"
51.222.253.11 - - [24/Feb/2022:09:59:40 +0000] "GET /indigena?page=9 HTTP/1.1" 200 2607 "-" "Mozilla/5.0 (compatible; AhrefsBot/7.0; +http://ahrefs.com/robot/)"
139.99.61.171 - - [24/Feb/2022:09:59:46 +0000] "GET /afro HTTP/1.1" 200 9561 "-" "Mozilla/5.0 (Windows NT 6.1; WOW64) AppleWebKit/537.1 (KHTML, like Gecko) Chrome/21.0.1180.83 Safari/537.1"
139.99.61.171 - - [24/Feb/2022:10:00:00 +0000] "GET /afro HTTP/1.1" 200 9561 "-" "Mozilla/5.0 (Windows NT 6.1; WOW64) AppleWebKit/537.1 (KHTML, like Gecko) Chrome/21.0.1180.83 Safari/537.1"
134.209.194.57 - - [24/Feb/2022:10:01:01 +0000] "GET / HTTP/1.1" 200 2790 "http://elportavozchocoano.com" "Mozilla/5.0 (X11; Linux x86_64) AppleWebKit/537.36 (KHTML, like Gecko) Chrome/67.0.3396.87 Safari/537.36"
134.209.194.57 - - [24/Feb/2022:10:01:01 +0000] "GET /indigena HTTP/1.1" 200 2731 "https://elportavozchocoano.com/" "Mozilla/5.0 (X11; Linux x86_64) AppleWebKit/537.36 (KHTML, like Gecko) Chrome/67.0.3396.87 Safari/537.36"
139.99.61.171 - - [24/Feb/2022:10:01:10 +0000] "GET /static/fonts/M_PLUS/MPLUS1p-Regular.ttf HTTP/1.1" 200 392947 "-" "Mozilla/5.0 (Windows NT 6.1; WOW64) AppleWebKit/537.1 (KHTML, like Gecko) Chrome/21.0.1180.83 Safari/537.1"
139.99.61.171 - - [24/Feb/2022:10:01:13 +0000] "GET /static/fonts/M_PLUS/MPLUS1p-Regular.ttf HTTP/1.1" 200 1754732 "-" "Mozilla/5.0 (Windows NT 6.1; WOW64) AppleWebKit/537.1 (KHTML, like Gecko) Chrome/21.0.1180.83 Safari/537.1"
139.99.61.171 - - [24/Feb/2022:10:01:22 +0000] "GET /static/fonts/M_PLUS/MPLUS1p-Light.ttf HTTP/1.1" 200 671475 "-" "Mozilla/5.0 (Windows NT 6.1; WOW64) AppleWebKit/537.1 (KHTML, like Gecko) Chrome/21.0.1180.83 Safari/537.1"
139.99.61.171 - - [24/Feb/2022:10:01:46 +0000] "GET /static/fonts/M_PLUS/MPLUS1p-Light.ttf HTTP/1.1" 200 1763248 "-" "Mozilla/5.0 (Windows NT 6.1; WOW64) AppleWebKit/537.1 (KHTML, like Gecko) Chrome/21.0.1180.83 Safari/537.1"
144.76.68.70 - - [24/Feb/2022:10:02:45 +0000] "GET /afro?page=47 HTTP/1.1" 200 2725 "-" "serpstatbot/2.1 (advanced backlink tracking bot; https://serpstatbot.com/; abuse@serpstatbot.com)"
144.76.68.70 - - [24/Feb/2022:10:02:50 +0000] "GET /afro?page=8 HTTP/1.1" 200 2786 "-" "serpstatbot/2.1 (advanced backlink tracking bot; https://serpstatbot.com/; abuse@serpstatbot.com)"
144.76.68.70 - - [24/Feb/2022:10:02:56 +0000] "GET /indigena?page=26 HTTP/1.1" 200 2612 "-" "serpstatbot/2.1 (advanced backlink tracking bot; https://serpstatbot.com/; abuse@serpstatbot.com)"
144.76.68.70 - - [24/Feb/2022:10:03:02 +0000] "GET /indigena?page=8 HTTP/1.1" 200 2617 "-" "serpstatbot/2.1 (advanced backlink tracking bot; https://serpstatbot.com/; abuse@serpstatbot.com)"
139.99.61.171 - - [24/Feb/2022:10:03:45 +0000] "GET /static/fonts/Roboto/Roboto-Regular.ttf HTTP/1.1" 200 168260 "-" "Mozilla/5.0 (Windows NT 6.1; WOW64) AppleWebKit/537.1 (KHTML, like Gecko) Chrome/21.0.1180.83 Safari/537.1"
139.99.61.171 - - [24/Feb/2022:10:03:54 +0000] "GET /static/fonts/Roboto/Roboto-Regular.ttf HTTP/1.1" 200 168260 "-" "Mozilla/5.0 (Windows NT 6.1; WOW64) AppleWebKit/537.1 (KHTML, like Gecko) Chrome/21.0.1180.83 Safari/537.1"
139.99.61.171 - - [24/Feb/2022:10:04:05 +0000] "GET /static/fonts/M_PLUS/MPLUS1p-Bold.ttf HTTP/1.1" 200 376563 "-" "Mozilla/5.0 (Windows NT 6.1; WOW64) AppleWebKit/537.1 (KHTML, like Gecko) Chrome/21.0.1180.83 Safari/537.1"
139.99.61.171 - - [24/Feb/2022:10:04:20 +0000] "GET /static/fonts/M_PLUS/MPLUS1p-Bold.ttf HTTP/1.1" 200 1762564 "-" "Mozilla/5.0 (Windows NT 6.1; WOW64) AppleWebKit/537.1 (KHTML, like Gecko) Chrome/21.0.1180.83 Safari/537.1"
139.99.61.171 - - [24/Feb/2022:10:05:04 +0000] "GET /static/webfonts/fa-brands-400.woff2 HTTP/1.1" 200 105204 "-" "Mozilla/5.0 (Windows NT 6.1; WOW64) AppleWebKit/537.1 (KHTML, like Gecko) Chrome/21.0.1180.83 Safari/537.1"
139.99.61.171 - - [24/Feb/2022:10:05:14 +0000] "GET /static/webfonts/fa-brands-400.woff2 HTTP/1.1" 200 105204 "-" "Mozilla/5.0 (Windows NT 6.1; WOW64) AppleWebKit/537.1 (KHTML, like Gecko) Chrome/21.0.1180.83 Safari/537.1"
139.99.61.171 - - [24/Feb/2022:10:05:27 +0000] "GET /static/webfonts/fa-brands-400.ttf HTTP/1.1" 200 181260 "-" "Mozilla/5.0 (Windows NT 6.1; WOW64) AppleWebKit/537.1 (KHTML, like Gecko) Chrome/21.0.1180.83 Safari/537.1"
139.99.61.171 - - [24/Feb/2022:10:06:33 +0000] "GET /static/webfonts/fa-brands-400.ttf HTTP/1.1" 200 181260 "-" "Mozilla/5.0 (Windows NT 6.1; WOW64) AppleWebKit/537.1 (KHTML, like Gecko) Chrome/21.0.1180.83 Safari/537.1"
139.99.61.171 - - [24/Feb/2022:10:07:15 +0000] "GET /static/webfonts/fa-regular-400.woff2 HTTP/1.1" 200 23760 "-" "Mozilla/5.0 (Windows NT 6.1; WOW64) AppleWebKit/537.1 (KHTML, like Gecko) Chrome/21.0.1180.83 Safari/537.1"
139.99.61.171 - - [24/Feb/2022:10:08:19 +0000] "GET /static/webfonts/fa-regular-400.woff2 HTTP/1.1" 200 23760 "-" "Mozilla/5.0 (Windows NT 6.1; WOW64) AppleWebKit/537.1 (KHTML, like Gecko) Chrome/21.0.1180.83 Safari/537.1"
139.99.61.171 - - [24/Feb/2022:10:08:23 +0000] "GET /static/webfonts/fa-regular-400.ttf HTTP/1.1" 200 60208 "-" "Mozilla/5.0 (Windows NT 6.1; WOW64) AppleWebKit/537.1 (KHTML, like Gecko) Chrome/21.0.1180.83 Safari/537.1"
139.99.61.171 - - [24/Feb/2022:10:08:31 +0000] "GET /static/webfonts/fa-regular-400.ttf HTTP/1.1" 200 60208 "-" "Mozilla/5.0 (Windows NT 6.1; WOW64) AppleWebKit/537.1 (KHTML, like Gecko) Chrome/21.0.1180.83 Safari/537.1"
139.99.61.171 - - [24/Feb/2022:10:08:49 +0000] "GET /static/webfonts/fa-solid-900.woff2 HTTP/1.1" 200 125064 "-" "Mozilla/5.0 (Windows NT 6.1; WOW64) AppleWebKit/537.1 (KHTML, like Gecko) Chrome/21.0.1180.83 Safari/537.1"
139.99.61.171 - - [24/Feb/2022:10:09:31 +0000] "GET /static/webfonts/fa-solid-900.woff2 HTTP/1.1" 200 125064 "-" "Mozilla/5.0 (Windows NT 6.1; WOW64) AppleWebKit/537.1 (KHTML, like Gecko) Chrome/21.0.1180.83 Safari/537.1"
51.222.253.18 - - [24/Feb/2022:10:09:33 +0000] "GET /afro?page=10 HTTP/1.1" 200 2753 "-" "Mozilla/5.0 (compatible; AhrefsBot/7.0; +http://ahrefs.com/robot/)"
139.99.61.171 - - [24/Feb/2022:10:09:42 +0000] "GET /static/webfonts/fa-solid-900.ttf HTTP/1.1" 200 298276 "-" "Mozilla/5.0 (Windows NT 6.1; WOW64) AppleWebKit/537.1 (KHTML, like Gecko) Chrome/21.0.1180.83 Safari/537.1"
139.99.61.171 - - [24/Feb/2022:10:10:38 +0000] "GET /static/webfonts/fa-solid-900.ttf HTTP/1.1" 200 298276 "-" "Mozilla/5.0 (Windows NT 6.1; WOW64) AppleWebKit/537.1 (KHTML, like Gecko) Chrome/21.0.1180.83 Safari/537.1"
139.99.61.171 - - [24/Feb/2022:10:12:08 +0000] "GET /static/webfonts/fa-solid-900.ttf HTTP/1.1" 200 298276 "-" "Mozilla/5.0 (Windows NT 6.1; WOW64) AppleWebKit/537.1 (KHTML, like Gecko) Chrome/21.0.1180.83 Safari/537.1"
139.99.61.171 - - [24/Feb/2022:10:12:13 +0000] "GET /static/webfonts/fa-v4compatibility.woff2 HTTP/1.1" 200 5016 "-" "Mozilla/5.0 (Windows NT 6.1; WOW64) AppleWebKit/537.1 (KHTML, like Gecko) Chrome/21.0.1180.83 Safari/537.1"
139.99.61.171 - - [24/Feb/2022:10:12:24 +0000] "GET /static/webfonts/fa-v4compatibility.woff2 HTTP/1.1" 200 5016 "-" "Mozilla/5.0 (Windows NT 6.1; WOW64) AppleWebKit/537.1 (KHTML, like Gecko) Chrome/21.0.1180.83 Safari/537.1"
139.99.61.171 - - [24/Feb/2022:10:12:52 +0000] "GET /static/webfonts/fa-v4compatibility.ttf HTTP/1.1" 200 10552 "-" "Mozilla/5.0 (Windows NT 6.1; WOW64) AppleWebKit/537.1 (KHTML, like Gecko) Chrome/21.0.1180.83 Safari/537.1"
139.99.61.171 - - [24/Feb/2022:10:13:26 +0000] "GET /static/webfonts/fa-v4compatibility.ttf HTTP/1.1" 200 10552 "-" "Mozilla/5.0 (Windows NT 6.1; WOW64) AppleWebKit/537.1 (KHTML, like Gecko) Chrome/21.0.1180.83 Safari/537.1"
139.99.61.171 - - [24/Feb/2022:10:13:40 +0000] "GET /indigena?page=2 HTTP/1.1" 200 9732 "-" "Mozilla/5.0 (Windows NT 6.1; WOW64) AppleWebKit/537.1 (KHTML, like Gecko) Chrome/21.0.1180.83 Safari/537.1"
139.99.61.171 - - [24/Feb/2022:10:14:49 +0000] "GET /indigena?page=2 HTTP/1.1" 200 9732 "-" "Mozilla/5.0 (Windows NT 6.1; WOW64) AppleWebKit/537.1 (KHTML, like Gecko) Chrome/21.0.1180.83 Safari/537.1"
139.99.61.171 - - [24/Feb/2022:10:15:03 +0000] "GET /indigena?page=32 HTTP/1.1" 200 8032 "-" "Mozilla/5.0 (Windows NT 6.1; WOW64) AppleWebKit/537.1 (KHTML, like Gecko) Chrome/21.0.1180.83 Safari/537.1"
51.222.253.16 - - [24/Feb/2022:10:19:33 +0000] "GET /afro?page=45 HTTP/1.1" 200 2662 "-" "Mozilla/5.0 (compatible; AhrefsBot/7.0; +http://ahrefs.com/robot/)"
139.99.61.171 - - [24/Feb/2022:10:19:34 +0000] "GET /indigena?page=32 HTTP/1.1" 200 8032 "-" "Mozilla/5.0 (Windows NT 6.1; WOW64) AppleWebKit/537.1 (KHTML, like Gecko) Chrome/21.0.1180.83 Safari/537.1"
139.99.61.171 - - [24/Feb/2022:10:19:44 +0000] "GET /afro?page=2 HTTP/1.1" 200 9698 "-" "Mozilla/5.0 (Windows NT 6.1; WOW64) AppleWebKit/537.1 (KHTML, like Gecko) Chrome/21.0.1180.83 Safari/537.1"
139.99.61.171 - - [24/Feb/2022:10:20:29 +0000] "GET /afro?page=2 HTTP/1.1" 200 9698 "-" "Mozilla/5.0 (Windows NT 6.1; WOW64) AppleWebKit/537.1 (KHTML, like Gecko) Chrome/21.0.1180.83 Safari/537.1"
139.99.61.171 - - [24/Feb/2022:10:20:59 +0000] "GET /afro?page=53 HTTP/1.1" 200 7245 "-" "Mozilla/5.0 (Windows NT 6.1; WOW64) AppleWebKit/537.1 (KHTML, like Gecko) Chrome/21.0.1180.83 Safari/537.1"
144.76.68.70 - - [24/Feb/2022:10:22:06 +0000] "GET /afro?page=46 HTTP/1.1" 200 2749 "-" "serpstatbot/2.1 (advanced backlink tracking bot; https://serpstatbot.com/; abuse@serpstatbot.com)"
144.76.68.70 - - [24/Feb/2022:10:22:13 +0000] "GET /afro?page=9 HTTP/1.1" 200 2648 "-" "serpstatbot/2.1 (advanced backlink tracking bot; https://serpstatbot.com/; abuse@serpstatbot.com)"
144.76.68.70 - - [24/Feb/2022:10:22:14 +0000] "GET /indigena?page=25 HTTP/1.1" 200 2636 "-" "serpstatbot/2.1 (advanced backlink tracking bot; https://serpstatbot.com/; abuse@serpstatbot.com)"
144.76.68.70 - - [24/Feb/2022:10:22:15 +0000] "GET /indigena?page=9 HTTP/1.1" 200 2601 "-" "serpstatbot/2.1 (advanced backlink tracking bot; https://serpstatbot.com/; abuse@serpstatbot.com)"
139.99.61.171 - - [24/Feb/2022:10:23:06 +0000] "GET /afro?page=53 HTTP/1.1" 200 7245 "-" "Mozilla/5.0 (Windows NT 6.1; WOW64) AppleWebKit/537.1 (KHTML, like Gecko) Chrome/21.0.1180.83 Safari/537.1"
139.99.61.171 - - [24/Feb/2022:10:23:14 +0000] "GET /indigena?page=1 HTTP/1.1" 200 9764 "-" "Mozilla/5.0 (Windows NT 6.1; WOW64) AppleWebKit/537.1 (KHTML, like Gecko) Chrome/21.0.1180.83 Safari/537.1"
139.99.61.171 - - [24/Feb/2022:10:23:31 +0000] "GET /indigena?page=1 HTTP/1.1" 200 9764 "-" "Mozilla/5.0 (Windows NT 6.1; WOW64) AppleWebKit/537.1 (KHTML, like Gecko) Chrome/21.0.1180.83 Safari/537.1"
139.99.61.171 - - [24/Feb/2022:10:23:33 +0000] "GET /indigena?page=3 HTTP/1.1" 200 9798 "-" "Mozilla/5.0 (Windows NT 6.1; WOW64) AppleWebKit/537.1 (KHTML, like Gecko) Chrome/21.0.1180.83 Safari/537.1"
193.118.53.210 - - [24/Feb/2022:10:23:40 +0000] "GET / HTTP/1.1" 400 154 "-" "Mozilla/5.0 (Windows NT 10.0; Win64; x64) AppleWebKit/537.36 (KHTML, like Gecko) Chrome/60.0.3112.113 Safari/537.36"
139.99.61.171 - - [24/Feb/2022:10:24:22 +0000] "GET /indigena?page=3 HTTP/1.1" 200 9798 "-" "Mozilla/5.0 (Windows NT 6.1; WOW64) AppleWebKit/537.1 (KHTML, like Gecko) Chrome/21.0.1180.83 Safari/537.1"
139.99.61.171 - - [24/Feb/2022:10:24:52 +0000] "GET /indigena?page=31 HTTP/1.1" 200 9795 "-" "Mozilla/5.0 (Windows NT 6.1; WOW64) AppleWebKit/537.1 (KHTML, like Gecko) Chrome/21.0.1180.83 Safari/537.1"
139.99.61.171 - - [24/Feb/2022:10:25:00 +0000] "GET /indigena?page=31 HTTP/1.1" 200 9795 "-" "Mozilla/5.0 (Windows NT 6.1; WOW64) AppleWebKit/537.1 (KHTML, like Gecko) Chrome/21.0.1180.83 Safari/537.1"
139.99.61.171 - - [24/Feb/2022:10:25:13 +0000] "GET /afro?page=1 HTTP/1.1" 200 9561 "-" "Mozilla/5.0 (Windows NT 6.1; WOW64) AppleWebKit/537.1 (KHTML, like Gecko) Chrome/21.0.1180.83 Safari/537.1"
139.99.61.171 - - [24/Feb/2022:10:25:16 +0000] "GET /afro?page=1 HTTP/1.1" 200 9561 "-" "Mozilla/5.0 (Windows NT 6.1; WOW64) AppleWebKit/537.1 (KHTML, like Gecko) Chrome/21.0.1180.83 Safari/537.1"
139.99.61.171 - - [24/Feb/2022:10:26:08 +0000] "GET /afro?page=3 HTTP/1.1" 200 9667 "-" "Mozilla/5.0 (Windows NT 6.1; WOW64) AppleWebKit/537.1 (KHTML, like Gecko) Chrome/21.0.1180.83 Safari/537.1"
51.222.253.8 - - [24/Feb/2022:10:29:57 +0000] "GET /indigena?page=10 HTTP/1.1" 200 2686 "-" "Mozilla/5.0 (compatible; AhrefsBot/7.0; +http://ahrefs.com/robot/)"
66.249.64.160 - - [24/Feb/2022:10:37:05 +0000] "GET /robots.txt HTTP/1.1" 200 1967 "-" "Mozilla/5.0 (compatible; Googlebot/2.1; +http://www.google.com/bot.html)"
66.249.64.160 - - [24/Feb/2022:10:37:05 +0000] "GET /afro?page=52 HTTP/1.1" 200 2779 "-" "Mozilla/5.0 (Linux; Android 6.0.1; Nexus 5X Build/MMB29P) AppleWebKit/537.36 (KHTML, like Gecko) Chrome/98.0.4758.102 Mobile Safari/537.36 (compatible; Googlebot/2.1; +http://www.google.com/bot.html)"
51.222.253.17 - - [24/Feb/2022:10:41:00 +0000] "GET /indigena?page=24 HTTP/1.1" 200 2634 "-" "Mozilla/5.0 (compatible; AhrefsBot/7.0; +http://ahrefs.com/robot/)"
51.222.253.4 - - [24/Feb/2022:10:51:49 +0000] "GET /afro?page=45 HTTP/1.1" 200 2662 "-" "Mozilla/5.0 (compatible; AhrefsBot/7.0; +http://ahrefs.com/robot/)"
66.249.66.56 - - [24/Feb/2022:10:52:05 +0000] "GET /afro?page=4 HTTP/1.1" 200 2798 "-" "Mozilla/5.0 (compatible; Googlebot/2.1; +http://www.google.com/bot.html)"
66.249.66.54 - - [24/Feb/2022:11:07:05 +0000] "GET /indigena?page=30 HTTP/1.1" 200 2640 "-" "Mozilla/5.0 (compatible; Googlebot/2.1; +http://www.google.com/bot.html)"
192.241.209.112 - - [24/Feb/2022:11:17:44 +0000] "GET / HTTP/1.1" 400 154 "-" "Mozilla/5.0 zgrab/0.x"
66.249.66.54 - - [24/Feb/2022:11:22:05 +0000] "GET /afro?page=50 HTTP/1.1" 200 3016 "-" "Mozilla/5.0 (Linux; Android 6.0.1; Nexus 5X Build/MMB29P) AppleWebKit/537.36 (KHTML, like Gecko) Chrome/98.0.4758.102 Mobile Safari/537.36 (compatible; Googlebot/2.1; +http://www.google.com/bot.html)"
51.222.253.14 - - [24/Feb/2022:11:29:24 +0000] "GET /afro?page=10 HTTP/1.1" 200 2752 "-" "Mozilla/5.0 (compatible; AhrefsBot/7.0; +http://ahrefs.com/robot/)"
66.249.66.52 - - [24/Feb/2022:11:37:05 +0000] "GET /indigena?page=5 HTTP/1.1" 200 2627 "-" "Mozilla/5.0 (Linux; Android 6.0.1; Nexus 5X Build/MMB29P) AppleWebKit/537.36 (KHTML, like Gecko) Chrome/98.0.4758.102 Mobile Safari/537.36 (compatible; Googlebot/2.1; +http://www.google.com/bot.html)"
51.222.253.5 - - [24/Feb/2022:11:40:53 +0000] "GET /indigena?page=10 HTTP/1.1" 200 2688 "-" "Mozilla/5.0 (compatible; AhrefsBot/7.0; +http://ahrefs.com/robot/)"
66.249.66.54 - - [24/Feb/2022:11:52:05 +0000] "GET /robots.txt HTTP/1.1" 200 1967 "-" "Mozilla/5.0 (compatible; Googlebot/2.1; +http://www.google.com/bot.html)"
66.249.66.56 - - [24/Feb/2022:11:52:06 +0000] "GET / HTTP/1.1" 200 2790 "-" "Mozilla/5.0 (Linux; Android 6.0.1; Nexus 5X Build/MMB29P) AppleWebKit/537.36 (KHTML, like Gecko) Chrome/98.0.4758.102 Mobile Safari/537.36 (compatible; Googlebot/2.1; +http://www.google.com/bot.html)"
51.222.253.17 - - [24/Feb/2022:11:53:03 +0000] "GET /indigena?page=24 HTTP/1.1" 200 2636 "-" "Mozilla/5.0 (compatible; AhrefsBot/7.0; +http://ahrefs.com/robot/)"
51.222.253.18 - - [24/Feb/2022:12:05:26 +0000] "GET /afro?page=11 HTTP/1.1" 200 2721 "-" "Mozilla/5.0 (compatible; AhrefsBot/7.0; +http://ahrefs.com/robot/)"
51.222.253.12 - - [24/Feb/2022:12:17:40 +0000] "GET /afro?page=44 HTTP/1.1" 200 2778 "-" "Mozilla/5.0 (compatible; AhrefsBot/7.0; +http://ahrefs.com/robot/)"
66.249.66.159 - - [24/Feb/2022:12:21:58 +0000] "GET /afro?page=4 HTTP/1.1" 200 2802 "-" "Mozilla/5.0 (compatible; Googlebot/2.1; +http://www.google.com/bot.html)"
137.184.12.85 - - [24/Feb/2022:12:28:06 +0000] "GET / HTTP/1.1" 200 8987 "-" "Mozilla/5.0 (Windows NT 10.0; Win64; x64) AppleWebKit/537.36 (KHTML, like Gecko) Chrome/78.0.3904.108 Safari/537.36"
137.184.12.85 - - [24/Feb/2022:12:28:06 +0000] "GET //wp-includes/wlwmanifest.xml HTTP/1.1" 200 5876 "-" "Mozilla/5.0 (Windows NT 10.0; Win64; x64) AppleWebKit/537.36 (KHTML, like Gecko) Chrome/78.0.3904.108 Safari/537.36"
137.184.12.85 - - [24/Feb/2022:12:28:06 +0000] "GET //xmlrpc.php?rsd HTTP/1.1" 200 5876 "-" "Mozilla/5.0 (Windows NT 10.0; Win64; x64) AppleWebKit/537.36 (KHTML, like Gecko) Chrome/78.0.3904.108 Safari/537.36"
137.184.12.85 - - [24/Feb/2022:12:28:07 +0000] "GET / HTTP/1.1" 200 8987 "-" "Mozilla/5.0 (Windows NT 10.0; Win64; x64) AppleWebKit/537.36 (KHTML, like Gecko) Chrome/78.0.3904.108 Safari/537.36"
137.184.12.85 - - [24/Feb/2022:12:28:07 +0000] "GET //blog/wp-includes/wlwmanifest.xml HTTP/1.1" 200 5876 "-" "Mozilla/5.0 (Windows NT 10.0; Win64; x64) AppleWebKit/537.36 (KHTML, like Gecko) Chrome/78.0.3904.108 Safari/537.36"
137.184.12.85 - - [24/Feb/2022:12:28:07 +0000] "GET //web/wp-includes/wlwmanifest.xml HTTP/1.1" 200 5876 "-" "Mozilla/5.0 (Windows NT 10.0; Win64; x64) AppleWebKit/537.36 (KHTML, like Gecko) Chrome/78.0.3904.108 Safari/537.36"
137.184.12.85 - - [24/Feb/2022:12:28:07 +0000] "GET //wordpress/wp-includes/wlwmanifest.xml HTTP/1.1" 200 5876 "-" "Mozilla/5.0 (Windows NT 10.0; Win64; x64) AppleWebKit/537.36 (KHTML, like Gecko) Chrome/78.0.3904.108 Safari/537.36"
137.184.12.85 - - [24/Feb/2022:12:28:07 +0000] "GET //website/wp-includes/wlwmanifest.xml HTTP/1.1" 200 5876 "-" "Mozilla/5.0 (Windows NT 10.0; Win64; x64) AppleWebKit/537.36 (KHTML, like Gecko) Chrome/78.0.3904.108 Safari/537.36"
137.184.12.85 - - [24/Feb/2022:12:28:07 +0000] "GET //wp/wp-includes/wlwmanifest.xml HTTP/1.1" 200 5876 "-" "Mozilla/5.0 (Windows NT 10.0; Win64; x64) AppleWebKit/537.36 (KHTML, like Gecko) Chrome/78.0.3904.108 Safari/537.36"
137.184.12.85 - - [24/Feb/2022:12:28:07 +0000] "GET //news/wp-includes/wlwmanifest.xml HTTP/1.1" 200 5876 "-" "Mozilla/5.0 (Windows NT 10.0; Win64; x64) AppleWebKit/537.36 (KHTML, like Gecko) Chrome/78.0.3904.108 Safari/537.36"
137.184.12.85 - - [24/Feb/2022:12:28:07 +0000] "GET //2018/wp-includes/wlwmanifest.xml HTTP/1.1" 200 5876 "-" "Mozilla/5.0 (Windows NT 10.0; Win64; x64) AppleWebKit/537.36 (KHTML, like Gecko) Chrome/78.0.3904.108 Safari/537.36"
137.184.12.85 - - [24/Feb/2022:12:28:07 +0000] "GET //2019/wp-includes/wlwmanifest.xml HTTP/1.1" 200 5876 "-" "Mozilla/5.0 (Windows NT 10.0; Win64; x64) AppleWebKit/537.36 (KHTML, like Gecko) Chrome/78.0.3904.108 Safari/537.36"
137.184.12.85 - - [24/Feb/2022:12:28:07 +0000] "GET //shop/wp-includes/wlwmanifest.xml HTTP/1.1" 200 5876 "-" "Mozilla/5.0 (Windows NT 10.0; Win64; x64) AppleWebKit/537.36 (KHTML, like Gecko) Chrome/78.0.3904.108 Safari/537.36"
137.184.12.85 - - [24/Feb/2022:12:28:07 +0000] "GET //wp1/wp-includes/wlwmanifest.xml HTTP/1.1" 200 5876 "-" "Mozilla/5.0 (Windows NT 10.0; Win64; x64) AppleWebKit/537.36 (KHTML, like Gecko) Chrome/78.0.3904.108 Safari/537.36"
137.184.12.85 - - [24/Feb/2022:12:28:07 +0000] "GET //test/wp-includes/wlwmanifest.xml HTTP/1.1" 200 5876 "-" "Mozilla/5.0 (Windows NT 10.0; Win64; x64) AppleWebKit/537.36 (KHTML, like Gecko) Chrome/78.0.3904.108 Safari/537.36"
137.184.12.85 - - [24/Feb/2022:12:28:08 +0000] "GET //media/wp-includes/wlwmanifest.xml HTTP/1.1" 200 5876 "-" "Mozilla/5.0 (Windows NT 10.0; Win64; x64) AppleWebKit/537.36 (KHTML, like Gecko) Chrome/78.0.3904.108 Safari/537.36"
137.184.12.85 - - [24/Feb/2022:12:28:08 +0000] "GET //wp2/wp-includes/wlwmanifest.xml HTTP/1.1" 200 5876 "-" "Mozilla/5.0 (Windows NT 10.0; Win64; x64) AppleWebKit/537.36 (KHTML, like Gecko) Chrome/78.0.3904.108 Safari/537.36"
137.184.12.85 - - [24/Feb/2022:12:28:08 +0000] "GET //site/wp-includes/wlwmanifest.xml HTTP/1.1" 200 5876 "-" "Mozilla/5.0 (Windows NT 10.0; Win64; x64) AppleWebKit/537.36 (KHTML, like Gecko) Chrome/78.0.3904.108 Safari/537.36"
137.184.12.85 - - [24/Feb/2022:12:28:08 +0000] "GET //cms/wp-includes/wlwmanifest.xml HTTP/1.1" 200 5876 "-" "Mozilla/5.0 (Windows NT 10.0; Win64; x64) AppleWebKit/537.36 (KHTML, like Gecko) Chrome/78.0.3904.108 Safari/537.36"
137.184.12.85 - - [24/Feb/2022:12:28:08 +0000] "GET //sito/wp-includes/wlwmanifest.xml HTTP/1.1" 200 5876 "-" "Mozilla/5.0 (Windows NT 10.0; Win64; x64) AppleWebKit/537.36 (KHTML, like Gecko) Chrome/78.0.3904.108 Safari/537.36"
137.184.12.85 - - [24/Feb/2022:12:28:08 +0000] "" 400 0 "-" "-"
51.222.253.18 - - [24/Feb/2022:12:31:08 +0000] "GET /indigena?page=11 HTTP/1.1" 200 2743 "-" "Mozilla/5.0 (compatible; AhrefsBot/7.0; +http://ahrefs.com/robot/)"
51.222.253.1 - - [24/Feb/2022:12:43:25 +0000] "GET /indigena?page=23 HTTP/1.1" 200 2574 "-" "Mozilla/5.0 (compatible; AhrefsBot/7.0; +http://ahrefs.com/robot/)"
66.240.236.116 - - [24/Feb/2022:12:48:02 +0000] "GET / HTTP/1.1" 400 154 "-" "Mozilla/5.0 zgrab/0.x"
66.249.66.158 - - [24/Feb/2022:12:51:58 +0000] "GET /afro?page=4 HTTP/1.1" 200 2803 "-" "Mozilla/5.0 (Linux; Android 6.0.1; Nexus 5X Build/MMB29P) AppleWebKit/537.36 (KHTML, like Gecko) Chrome/98.0.4758.102 Mobile Safari/537.36 (compatible; Googlebot/2.1; +http://www.google.com/bot.html)"
51.222.253.10 - - [24/Feb/2022:12:56:28 +0000] "GET /afro?page=44 HTTP/1.1" 200 2776 "-" "Mozilla/5.0 (compatible; AhrefsBot/7.0; +http://ahrefs.com/robot/)"
51.222.253.9 - - [24/Feb/2022:13:08:30 +0000] "GET /afro?page=11 HTTP/1.1" 200 2721 "-" "Mozilla/5.0 (compatible; AhrefsBot/7.0; +http://ahrefs.com/robot/)"
185.181.60.189 - - [24/Feb/2022:13:14:54 +0000] "GET / HTTP/1.1" 200 2783 "-" "Mozilla/5.0 (Windows NT 10.0; Win64; x64) AppleWebKit/537.36 (KHTML, like Gecko) Chrome/91.0.4472.114 Safari/537.36 Edg/91.0.864.54"
191.156.9.106 - - [24/Feb/2022:13:17:40 +0000] "GET / HTTP/1.1" 200 2787 "-" "Mozilla/5.0 (Linux; Android 11; SM-A107M) AppleWebKit/537.36 (KHTML, like Gecko) Chrome/98.0.4758.101 Mobile Safari/537.36"
191.156.9.106 - - [24/Feb/2022:13:17:42 +0000] "GET /static/css/not_found.css HTTP/1.1" 200 4311 "https://www.elportavozchocoano.com/" "Mozilla/5.0 (Linux; Android 11; SM-A107M) AppleWebKit/537.36 (KHTML, like Gecko) Chrome/98.0.4758.101 Mobile Safari/537.36"
191.156.9.106 - - [24/Feb/2022:13:17:42 +0000] "GET /static/css/header.css HTTP/1.1" 200 10967 "https://www.elportavozchocoano.com/" "Mozilla/5.0 (Linux; Android 11; SM-A107M) AppleWebKit/537.36 (KHTML, like Gecko) Chrome/98.0.4758.101 Mobile Safari/537.36"
191.156.9.106 - - [24/Feb/2022:13:17:42 +0000] "GET /static/css/inicio.css HTTP/1.1" 200 2656 "https://www.elportavozchocoano.com/" "Mozilla/5.0 (Linux; Android 11; SM-A107M) AppleWebKit/537.36 (KHTML, like Gecko) Chrome/98.0.4758.101 Mobile Safari/537.36"
191.156.9.106 - - [24/Feb/2022:13:17:42 +0000] "GET /static/css/footer.css HTTP/1.1" 200 2847 "https://www.elportavozchocoano.com/" "Mozilla/5.0 (Linux; Android 11; SM-A107M) AppleWebKit/537.36 (KHTML, like Gecko) Chrome/98.0.4758.101 Mobile Safari/537.36"
191.156.9.106 - - [24/Feb/2022:13:17:43 +0000] "GET /static/css/palabra.css HTTP/1.1" 200 4624 "https://www.elportavozchocoano.com/" "Mozilla/5.0 (Linux; Android 11; SM-A107M) AppleWebKit/537.36 (KHTML, like Gecko) Chrome/98.0.4758.101 Mobile Safari/537.36"
191.156.9.106 - - [24/Feb/2022:13:17:43 +0000] "GET /static/css/acercade.css HTTP/1.1" 200 9826 "https://www.elportavozchocoano.com/" "Mozilla/5.0 (Linux; Android 11; SM-A107M) AppleWebKit/537.36 (KHTML, like Gecko) Chrome/98.0.4758.101 Mobile Safari/537.36"
191.156.9.106 - - [24/Feb/2022:13:17:43 +0000] "GET /static/css/error.css HTTP/1.1" 200 2801 "https://www.elportavozchocoano.com/" "Mozilla/5.0 (Linux; Android 11; SM-A107M) AppleWebKit/537.36 (KHTML, like Gecko) Chrome/98.0.4758.101 Mobile Safari/537.36"
191.156.9.106 - - [24/Feb/2022:13:17:43 +0000] "GET /static/css/fontawesome.min.css HTTP/1.1" 200 63683 "https://www.elportavozchocoano.com/" "Mozilla/5.0 (Linux; Android 11; SM-A107M) AppleWebKit/537.36 (KHTML, like Gecko) Chrome/98.0.4758.101 Mobile Safari/537.36"
191.156.9.106 - - [24/Feb/2022:13:17:43 +0000] "GET /static/css/splide.min.css HTTP/1.1" 200 6060 "https://www.elportavozchocoano.com/" "Mozilla/5.0 (Linux; Android 11; SM-A107M) AppleWebKit/537.36 (KHTML, like Gecko) Chrome/98.0.4758.101 Mobile Safari/537.36"
191.156.9.106 - - [24/Feb/2022:13:17:43 +0000] "GET /static/js/splide.min.js HTTP/1.1" 200 27529 "https://www.elportavozchocoano.com/" "Mozilla/5.0 (Linux; Android 11; SM-A107M) AppleWebKit/537.36 (KHTML, like Gecko) Chrome/98.0.4758.101 Mobile Safari/537.36"
191.156.9.106 - - [24/Feb/2022:13:17:44 +0000] "GET /static/js/app.js HTTP/1.1" 200 1315 "https://www.elportavozchocoano.com/" "Mozilla/5.0 (Linux; Android 11; SM-A107M) AppleWebKit/537.36 (KHTML, like Gecko) Chrome/98.0.4758.101 Mobile Safari/537.36"
191.156.9.106 - - [24/Feb/2022:13:17:47 +0000] "GET /static/css/all.min.css HTTP/1.1" 200 83981 "https://www.elportavozchocoano.com/" "Mozilla/5.0 (Linux; Android 11; SM-A107M) AppleWebKit/537.36 (KHTML, like Gecko) Chrome/98.0.4758.101 Mobile Safari/537.36"
191.156.9.106 - - [24/Feb/2022:13:17:49 +0000] "GET /static/icons/menu_blanco.svg HTTP/1.1" 200 686 "https://www.elportavozchocoano.com/" "Mozilla/5.0 (Linux; Android 11; SM-A107M) AppleWebKit/537.36 (KHTML, like Gecko) Chrome/98.0.4758.101 Mobile Safari/537.36"
191.156.9.106 - - [24/Feb/2022:13:18:03 +0000] "GET /static/webfonts/fa-solid-900.woff2 HTTP/1.1" 200 125064 "https://www.elportavozchocoano.com/static/css/all.min.css" "Mozilla/5.0 (Linux; Android 11; SM-A107M) AppleWebKit/537.36 (KHTML, like Gecko) Chrome/98.0.4758.101 Mobile Safari/537.36"
191.156.9.106 - - [24/Feb/2022:13:18:10 +0000] "GET /static/fonts/Roboto/Roboto-Regular.ttf HTTP/1.1" 200 168260 "https://www.elportavozchocoano.com/static/css/header.css" "Mozilla/5.0 (Linux; Android 11; SM-A107M) AppleWebKit/537.36 (KHTML, like Gecko) Chrome/98.0.4758.101 Mobile Safari/537.36"
191.156.9.106 - - [24/Feb/2022:13:18:12 +0000] "GET /static/img/BNC_Blanco.png HTTP/1.1" 200 9343 "https://www.elportavozchocoano.com/" "Mozilla/5.0 (Linux; Android 11; SM-A107M) AppleWebKit/537.36 (KHTML, like Gecko) Chrome/98.0.4758.101 Mobile Safari/537.36"
191.156.9.106 - - [24/Feb/2022:13:18:13 +0000] "GET /static/img/Logo-Mincultura.png HTTP/1.1" 200 68055 "https://www.elportavozchocoano.com/" "Mozilla/5.0 (Linux; Android 11; SM-A107M) AppleWebKit/537.36 (KHTML, like Gecko) Chrome/98.0.4758.101 Mobile Safari/537.36"
191.156.9.106 - - [24/Feb/2022:13:18:34 +0000] "GET /static/img/Logo_3.png HTTP/1.1" 200 311170 "https://www.elportavozchocoano.com/" "Mozilla/5.0 (Linux; Android 11; SM-A107M) AppleWebKit/537.36 (KHTML, like Gecko) Chrome/98.0.4758.101 Mobile Safari/537.36"
191.156.9.106 - - [24/Feb/2022:13:20:29 +0000] "GET /static/fonts/M_PLUS/MPLUS1p-Bold.ttf HTTP/1.1" 200 1762564 "https://www.elportavozchocoano.com/static/css/header.css" "Mozilla/5.0 (Linux; Android 11; SM-A107M) AppleWebKit/537.36 (KHTML, like Gecko) Chrome/98.0.4758.101 Mobile Safari/537.36"
191.156.9.106 - - [24/Feb/2022:13:20:36 +0000] "GET /static/img/humano.png HTTP/1.1" 200 1893709 "https://www.elportavozchocoano.com/" "Mozilla/5.0 (Linux; Android 11; SM-A107M) AppleWebKit/537.36 (KHTML, like Gecko) Chrome/98.0.4758.101 Mobile Safari/537.36"
66.249.66.56 - - [24/Feb/2022:13:20:37 +0000] "GET /indigena?page=30 HTTP/1.1" 200 2645 "-" "Mozilla/5.0 (Linux; Android 6.0.1; Nexus 5X Build/MMB29P) AppleWebKit/537.36 (KHTML, like Gecko) Chrome/98.0.4758.102 Mobile Safari/537.36 (compatible; Googlebot/2.1; +http://www.google.com/bot.html)"
191.156.9.106 - - [24/Feb/2022:13:20:40 +0000] "GET /static/fonts/M_PLUS/MPLUS1p-Regular.ttf HTTP/1.1" 200 1754732 "https://www.elportavozchocoano.com/static/css/not_found.css" "Mozilla/5.0 (Linux; Android 11; SM-A107M) AppleWebKit/537.36 (KHTML, like Gecko) Chrome/98.0.4758.101 Mobile Safari/537.36"
191.156.9.106 - - [24/Feb/2022:13:20:41 +0000] "GET /static/fonts/M_PLUS/MPLUS1p-Light.ttf HTTP/1.1" 200 1763248 "https://www.elportavozchocoano.com/static/css/not_found.css" "Mozilla/5.0 (Linux; Android 11; SM-A107M) AppleWebKit/537.36 (KHTML, like Gecko) Chrome/98.0.4758.101 Mobile Safari/537.36"
192.3.128.139 - - [24/Feb/2022:13:21:21 +0000] "GET / HTTP/1.1" 400 154 "-" "Mozilla/5.0 (Windows NT 10.0; Win64; x64) AppleWebKit/537.36 (KHTML, like Gecko) Chrome/70.0.3538.77 Safari/537.36"
66.249.66.157 - - [24/Feb/2022:13:21:58 +0000] "GET /robots.txt HTTP/1.1" 200 1967 "-" "Mozilla/5.0 (compatible; Googlebot/2.1; +http://www.google.com/bot.html)"
66.249.66.157 - - [24/Feb/2022:13:21:58 +0000] "GET /afro?page=51 HTTP/1.1" 200 3107 "-" "Mozilla/5.0 (Linux; Android 6.0.1; Nexus 5X Build/MMB29P) AppleWebKit/537.36 (KHTML, like Gecko) Chrome/98.0.4758.102 Mobile Safari/537.36 (compatible; Googlebot/2.1; +http://www.google.com/bot.html)"
64.227.165.236 - - [24/Feb/2022:13:23:09 +0000] "GET / HTTP/1.1" 200 2786 "-" "Mozilla/5.0 (Windows NT 10.0; Win64; x64) AppleWebKit/537.36 (KHTML, like Gecko) Chrome/70.0.3538.77 Safari/537.36"
51.222.253.14 - - [24/Feb/2022:13:23:36 +0000] "GET /indigena?page=11 HTTP/1.1" 200 2742 "-" "Mozilla/5.0 (compatible; AhrefsBot/7.0; +http://ahrefs.com/robot/)"
66.249.66.52 - - [24/Feb/2022:13:35:37 +0000] "GET /afro?page=50 HTTP/1.1" 200 3013 "-" "Mozilla/5.0 (compatible; Googlebot/2.1; +http://www.google.com/bot.html)"
51.222.253.15 - - [24/Feb/2022:13:38:23 +0000] "GET /indigena?page=23 HTTP/1.1" 200 2575 "-" "Mozilla/5.0 (compatible; AhrefsBot/7.0; +http://ahrefs.com/robot/)"
3.231.150.220 - - [24/Feb/2022:13:40:47 +0000] "GET / HTTP/1.1" 200 2788 "-" "Mozilla/5.0 (Windows NT 5.1) AppleWebKit/537.36 (KHTML, like Gecko) Chrome/31.0.1650.16 Safari/537.36"
23.251.102.82 - - [24/Feb/2022:13:43:25 +0000] "GET / HTTP/1.1" 400 154 "-" "Mozilla/5.0 (Windows NT 10.0; Win64; x64) AppleWebKit/537.36 (KHTML, like Gecko) Chrome/60.0.3112.113 Safari/537.36"
66.249.66.54 - - [24/Feb/2022:13:50:37 +0000] "GET /afro?page=4 HTTP/1.1" 200 2801 "-" "Mozilla/5.0 (Linux; Android 6.0.1; Nexus 5X Build/MMB29P) AppleWebKit/537.36 (KHTML, like Gecko) Chrome/98.0.4758.102 Mobile Safari/537.36 (compatible; Googlebot/2.1; +http://www.google.com/bot.html)"
66.249.66.158 - - [24/Feb/2022:13:51:58 +0000] "GET /indigena?page=2 HTTP/1.1" 200 2635 "-" "Mozilla/5.0 (compatible; Googlebot/2.1; +http://www.google.com/bot.html)"
51.222.253.12 - - [24/Feb/2022:13:53:28 +0000] "GET /afro?page=12 HTTP/1.1" 200 2708 "-" "Mozilla/5.0 (compatible; AhrefsBot/7.0; +http://ahrefs.com/robot/)"
66.249.66.54 - - [24/Feb/2022:14:05:37 +0000] "GET /indigena?page=5 HTTP/1.1" 200 2628 "-" "Mozilla/5.0 (compatible; Googlebot/2.1; +http://www.google.com/bot.html)"
51.222.253.13 - - [24/Feb/2022:14:09:34 +0000] "GET /afro?page=43 HTTP/1.1" 200 2669 "-" "Mozilla/5.0 (compatible; AhrefsBot/7.0; +http://ahrefs.com/robot/)"
103.203.57.10 - - [24/Feb/2022:14:16:27 +0000] "GET / HTTP/1.1" 400 154 "-" "HTTP Banner Detection (https://security.ipip.net)"
66.249.66.159 - - [24/Feb/2022:14:21:58 +0000] "GET /afro?page=51 HTTP/1.1" 200 3107 "-" "Mozilla/5.0 (compatible; Googlebot/2.1; +http://www.google.com/bot.html)"
51.222.253.2 - - [24/Feb/2022:14:26:48 +0000] "GET /indigena?page=12 HTTP/1.1" 200 2648 "-" "Mozilla/5.0 (compatible; AhrefsBot/7.0; +http://ahrefs.com/robot/)"
2.56.59.62 - - [24/Feb/2022:14:35:59 +0000] "GET / HTTP/1.1" 400 264 "-" "-"
2.56.59.62 - - [24/Feb/2022:14:36:00 +0000] "POST /HNAP1/ HTTP/1.1" 400 264 "-" "Mozila/5.0"
51.222.253.20 - - [24/Feb/2022:14:43:41 +0000] "GET /indigena?page=22 HTTP/1.1" 200 2618 "-" "Mozilla/5.0 (compatible; AhrefsBot/7.0; +http://ahrefs.com/robot/)"
34.207.206.108 - - [24/Feb/2022:14:45:05 +0000] "GET / HTTP/1.1" 200 2785 "-" "Mozilla/5.0 (X11; OpenBSD i386) AppleWebKit/537.36 (KHTML, like Gecko) Chrome/36.0.1985.125 Safari/537.36"
66.249.66.158 - - [24/Feb/2022:14:51:58 +0000] "GET /indigena?page=2 HTTP/1.1" 200 2633 "-" "Mozilla/5.0 (Linux; Android 6.0.1; Nexus 5X Build/MMB29P) AppleWebKit/537.36 (KHTML, like Gecko) Chrome/98.0.4758.102 Mobile Safari/537.36 (compatible; Googlebot/2.1; +http://www.google.com/bot.html)"
51.222.253.16 - - [24/Feb/2022:14:58:10 +0000] "GET /afro?page=12 HTTP/1.1" 200 2707 "-" "Mozilla/5.0 (compatible; AhrefsBot/7.0; +http://ahrefs.com/robot/)"
66.249.66.158 - - [24/Feb/2022:14:58:42 +0000] "GET /afro?page=3 HTTP/1.1" 200 2798 "-" "Mozilla/5.0 (Linux; Android 6.0.1; Nexus 5X Build/MMB29P) AppleWebKit/537.36 (KHTML, like Gecko) Chrome/98.0.4758.102 Mobile Safari/537.36 (compatible; Googlebot/2.1; +http://www.google.com/bot.html)"
51.222.253.6 - - [24/Feb/2022:15:07:06 +0000] "GET /afro?page=43 HTTP/1.1" 200 2669 "-" "Mozilla/5.0 (compatible; AhrefsBot/7.0; +http://ahrefs.com/robot/)"
45.143.99.69 - - [24/Feb/2022:15:14:40 +0000] "GET /boxApi.php HTTP/1.1" 400 154 "-" "-"
45.143.99.69 - - [24/Feb/2022:15:14:58 +0000] "GET /boxApi.php HTTP/1.1" 400 154 "-" "-"
51.222.253.15 - - [24/Feb/2022:15:16:47 +0000] "GET /indigena?page=12 HTTP/1.1" 200 2649 "-" "Mozilla/5.0 (compatible; AhrefsBot/7.0; +http://ahrefs.com/robot/)"
51.222.253.2 - - [24/Feb/2022:15:26:04 +0000] "GET /indigena?page=22 HTTP/1.1" 200 2620 "-" "Mozilla/5.0 (compatible; AhrefsBot/7.0; +http://ahrefs.com/robot/)"
51.222.253.12 - - [24/Feb/2022:15:35:44 +0000] "GET /robots.txt HTTP/1.1" 200 1967 "-" "Mozilla/5.0 (compatible; AhrefsBot/7.0; +http://ahrefs.com/robot/)"
51.222.253.14 - - [24/Feb/2022:15:35:45 +0000] "GET /afro?page=13 HTTP/1.1" 200 2801 "-" "Mozilla/5.0 (compatible; AhrefsBot/7.0; +http://ahrefs.com/robot/)"
146.59.157.229 - - [24/Feb/2022:15:40:21 +0000] "GET / HTTP/1.1" 200 8987 "-" "Mozilla/5.0 (Windows NT 6.1; WOW64) AppleWebKit/537.1 (KHTML, like Gecko) Chrome/21.0.1180.83 Safari/537.1"
146.59.157.229 - - [24/Feb/2022:15:40:22 +0000] "HEAD / HTTP/1.1" 200 0 "-" "Mozilla/5.0 (Windows NT 10.0; Win64; x64) AppleWebKit/537.36 (KHTML, like Gecko) Chrome/42.0.2311.135 Safari/537.36 Edge/12.246"
146.59.157.229 - - [24/Feb/2022:15:40:23 +0000] "GET / HTTP/1.1" 200 8987 "-" "Mozilla/5.0 (Windows NT 10.0; Win64; x64) AppleWebKit/537.36 (KHTML, like Gecko) Chrome/42.0.2311.135 Safari/537.36 Edge/12.246"
146.59.157.229 - - [24/Feb/2022:15:40:23 +0000] "GET /robots.txt HTTP/1.1" 200 5876 "-" "Mozilla/5.0 (Windows NT 10.0; Win64; x64) AppleWebKit/537.36 (KHTML, like Gecko) Chrome/42.0.2311.135 Safari/537.36 Edge/12.246"
146.59.157.229 - - [24/Feb/2022:15:40:23 +0000] "HEAD /static/icons/megafono.png HTTP/1.1" 200 0 "https://elportavozchocoano.com/" "Mozilla/5.0 (Windows NT 10.0; Win64; x64) AppleWebKit/537.36 (KHTML, like Gecko) Chrome/42.0.2311.135 Safari/537.36 Edge/12.246"
146.59.157.229 - - [24/Feb/2022:15:40:23 +0000] "HEAD /static/css/not_found.css HTTP/1.1" 200 0 "https://elportavozchocoano.com/" "Mozilla/5.0 (Windows NT 10.0; Win64; x64) AppleWebKit/537.36 (KHTML, like Gecko) Chrome/42.0.2311.135 Safari/537.36 Edge/12.246"
146.59.157.229 - - [24/Feb/2022:15:40:23 +0000] "GET /static/css/not_found.css HTTP/1.1" 200 4311 "https://elportavozchocoano.com/" "Mozilla/5.0 (Windows NT 10.0; Win64; x64) AppleWebKit/537.36 (KHTML, like Gecko) Chrome/42.0.2311.135 Safari/537.36 Edge/12.246"
146.59.157.229 - - [24/Feb/2022:15:40:23 +0000] "HEAD /static/css/header.css HTTP/1.1" 200 0 "https://elportavozchocoano.com/" "Mozilla/5.0 (Windows NT 10.0; Win64; x64) AppleWebKit/537.36 (KHTML, like Gecko) Chrome/42.0.2311.135 Safari/537.36 Edge/12.246"
146.59.157.229 - - [24/Feb/2022:15:40:23 +0000] "GET /static/css/header.css HTTP/1.1" 200 10967 "https://elportavozchocoano.com/" "Mozilla/5.0 (Windows NT 10.0; Win64; x64) AppleWebKit/537.36 (KHTML, like Gecko) Chrome/42.0.2311.135 Safari/537.36 Edge/12.246"
146.59.157.229 - - [24/Feb/2022:15:40:23 +0000] "HEAD /static/css/inicio.css HTTP/1.1" 200 0 "https://elportavozchocoano.com/" "Mozilla/5.0 (Windows NT 10.0; Win64; x64) AppleWebKit/537.36 (KHTML, like Gecko) Chrome/42.0.2311.135 Safari/537.36 Edge/12.246"
146.59.157.229 - - [24/Feb/2022:15:40:23 +0000] "GET /static/css/inicio.css HTTP/1.1" 200 2656 "https://elportavozchocoano.com/" "Mozilla/5.0 (Windows NT 10.0; Win64; x64) AppleWebKit/537.36 (KHTML, like Gecko) Chrome/42.0.2311.135 Safari/537.36 Edge/12.246"
146.59.157.229 - - [24/Feb/2022:15:40:23 +0000] "HEAD /static/css/footer.css HTTP/1.1" 200 0 "https://elportavozchocoano.com/" "Mozilla/5.0 (Windows NT 10.0; Win64; x64) AppleWebKit/537.36 (KHTML, like Gecko) Chrome/42.0.2311.135 Safari/537.36 Edge/12.246"
146.59.157.229 - - [24/Feb/2022:15:40:23 +0000] "GET /static/css/footer.css HTTP/1.1" 200 2847 "https://elportavozchocoano.com/" "Mozilla/5.0 (Windows NT 10.0; Win64; x64) AppleWebKit/537.36 (KHTML, like Gecko) Chrome/42.0.2311.135 Safari/537.36 Edge/12.246"
146.59.157.229 - - [24/Feb/2022:15:40:23 +0000] "HEAD /static/css/palabra.css HTTP/1.1" 200 0 "https://elportavozchocoano.com/" "Mozilla/5.0 (Windows NT 10.0; Win64; x64) AppleWebKit/537.36 (KHTML, like Gecko) Chrome/42.0.2311.135 Safari/537.36 Edge/12.246"
146.59.157.229 - - [24/Feb/2022:15:40:24 +0000] "GET /static/css/palabra.css HTTP/1.1" 200 4624 "https://elportavozchocoano.com/" "Mozilla/5.0 (Windows NT 10.0; Win64; x64) AppleWebKit/537.36 (KHTML, like Gecko) Chrome/42.0.2311.135 Safari/537.36 Edge/12.246"
146.59.157.229 - - [24/Feb/2022:15:40:24 +0000] "HEAD /static/css/acercade.css HTTP/1.1" 200 0 "https://elportavozchocoano.com/" "Mozilla/5.0 (Windows NT 10.0; Win64; x64) AppleWebKit/537.36 (KHTML, like Gecko) Chrome/42.0.2311.135 Safari/537.36 Edge/12.246"
146.59.157.229 - - [24/Feb/2022:15:40:24 +0000] "GET /static/css/acercade.css HTTP/1.1" 200 9826 "https://elportavozchocoano.com/" "Mozilla/5.0 (Windows NT 10.0; Win64; x64) AppleWebKit/537.36 (KHTML, like Gecko) Chrome/42.0.2311.135 Safari/537.36 Edge/12.246"
146.59.157.229 - - [24/Feb/2022:15:40:24 +0000] "HEAD /static/css/error.css HTTP/1.1" 200 0 "https://elportavozchocoano.com/" "Mozilla/5.0 (Windows NT 10.0; Win64; x64) AppleWebKit/537.36 (KHTML, like Gecko) Chrome/42.0.2311.135 Safari/537.36 Edge/12.246"
146.59.157.229 - - [24/Feb/2022:15:40:24 +0000] "GET /static/css/error.css HTTP/1.1" 200 2801 "https://elportavozchocoano.com/" "Mozilla/5.0 (Windows NT 10.0; Win64; x64) AppleWebKit/537.36 (KHTML, like Gecko) Chrome/42.0.2311.135 Safari/537.36 Edge/12.246"
146.59.157.229 - - [24/Feb/2022:15:40:24 +0000] "HEAD /static/css/all.min.css HTTP/1.1" 200 0 "https://elportavozchocoano.com/" "Mozilla/5.0 (Windows NT 10.0; Win64; x64) AppleWebKit/537.36 (KHTML, like Gecko) Chrome/42.0.2311.135 Safari/537.36 Edge/12.246"
