34.140.248.32 - - [24/Feb/2022:01:56:21 +0000] "GET / HTTP/1.1" 400 154 "-" "python-requests/2.27.1"
51.222.253.17 - - [24/Feb/2022:02:06:23 +0000] "GET /indigena?page=5 HTTP/1.1" 200 2625 "-" "Mozilla/5.0 (compatible; AhrefsBot/7.0; +http://ahrefs.com/robot/)"
45.146.165.37 - - [24/Feb/2022:02:07:59 +0000] "GET /vendor/phpunit/phpunit/src/Util/PHP/eval-stdin.php HTTP/1.1" 400 154 "-" "Mozilla/5.0 (Windows NT 10.0; Win64; x64) AppleWebKit/537.36 (KHTML, like Gecko) Chrome/78.0.3904.108 Safari/537.36"
66.249.64.188 - - [24/Feb/2022:02:12:00 +0000] "GET /static/css/error.css HTTP/1.1" 200 2801 "https://www.elportavozchocoano.com/afro?page=1" "Mozilla/5.0 AppleWebKit/537.36 (KHTML, like Gecko; compatible; Googlebot/2.1; +http://www.google.com/bot.html) Chrome/98.0.4758.80 Safari/537.36"
66.249.64.190 - - [24/Feb/2022:02:12:01 +0000] "GET /static/css/not_found.css HTTP/1.1" 200 4311 "https://www.elportavozchocoano.com/afro?page=1" "Mozilla/5.0 AppleWebKit/537.36 (KHTML, like Gecko; compatible; Googlebot/2.1; +http://www.google.com/bot.html) Chrome/98.0.4758.80 Safari/537.36"
66.249.64.190 - - [24/Feb/2022:02:18:29 +0000] "GET /afro?page=51 HTTP/1.1" 200 3103 "-" "Mozilla/5.0 (compatible; Googlebot/2.1; +http://www.google.com/bot.html)"
51.222.253.5 - - [24/Feb/2022:02:19:20 +0000] "GET /afro?page=5 HTTP/1.1" 200 2819 "-" "Mozilla/5.0 (compatible; AhrefsBot/7.0; +http://ahrefs.com/robot/)"
191.102.196.138 - - [24/Feb/2022:02:22:01 +0000] "GET / HTTP/1.1" 200 2787 "-" "Mozilla/5.0 (Linux; Android 10; SM-J610G) AppleWebKit/537.36 (KHTML, like Gecko) Chrome/97.0.4692.98 Mobile Safari/537.36"
191.102.196.138 - - [24/Feb/2022:02:22:01 +0000] "GET /static/img/humano.png HTTP/1.1" 206 1 "https://www.elportavozchocoano.com/" "Mozilla/5.0 (Linux; Android 10; SM-J610G) AppleWebKit/537.36 (KHTML, like Gecko) Chrome/97.0.4692.98 Mobile Safari/537.36"
191.102.196.138 - - [24/Feb/2022:02:22:06 +0000] "GET /static/img/humano.png HTTP/1.1" 206 960075 "https://www.elportavozchocoano.com/" "Mozilla/5.0 (Linux; Android 10; SM-J610G) AppleWebKit/537.36 (KHTML, like Gecko) Chrome/97.0.4692.98 Mobile Safari/537.36"
191.102.196.138 - - [24/Feb/2022:02:22:36 +0000] "GET /indigena HTTP/1.1" 200 2728 "https://www.elportavozchocoano.com/" "Mozilla/5.0 (Linux; Android 10; SM-J610G) AppleWebKit/537.36 (KHTML, like Gecko) Chrome/97.0.4692.98 Mobile Safari/537.36"
191.102.196.138 - - [24/Feb/2022:02:22:41 +0000] "GET /indigena?page=2 HTTP/1.1" 200 2635 "https://www.elportavozchocoano.com/indigena" "Mozilla/5.0 (Linux; Android 10; SM-J610G) AppleWebKit/537.36 (KHTML, like Gecko) Chrome/97.0.4692.98 Mobile Safari/537.36"
191.102.196.138 - - [24/Feb/2022:02:23:28 +0000] "GET /indigena?page=3 HTTP/1.1" 200 2623 "https://www.elportavozchocoano.com/indigena?page=2" "Mozilla/5.0 (Linux; Android 10; SM-J610G) AppleWebKit/537.36 (KHTML, like Gecko) Chrome/97.0.4692.98 Mobile Safari/537.36"
191.102.196.138 - - [24/Feb/2022:02:24:03 +0000] "GET /indigena?page=4 HTTP/1.1" 200 2656 "https://www.elportavozchocoano.com/indigena?page=3" "Mozilla/5.0 (Linux; Android 10; SM-J610G) AppleWebKit/537.36 (KHTML, like Gecko) Chrome/97.0.4692.98 Mobile Safari/537.36"
191.102.196.138 - - [24/Feb/2022:02:24:37 +0000] "GET /indigena?page=5 HTTP/1.1" 200 2628 "https://www.elportavozchocoano.com/indigena?page=4" "Mozilla/5.0 (Linux; Android 10; SM-J610G) AppleWebKit/537.36 (KHTML, like Gecko) Chrome/97.0.4692.98 Mobile Safari/537.36"
191.102.196.138 - - [24/Feb/2022:02:24:42 +0000] "GET /indigena?page=6 HTTP/1.1" 200 2653 "https://www.elportavozchocoano.com/indigena?page=5" "Mozilla/5.0 (Linux; Android 10; SM-J610G) AppleWebKit/537.36 (KHTML, like Gecko) Chrome/97.0.4692.98 Mobile Safari/537.36"
191.102.196.138 - - [24/Feb/2022:02:24:52 +0000] "GET /indigena?page=7 HTTP/1.1" 200 2593 "https://www.elportavozchocoano.com/indigena?page=6" "Mozilla/5.0 (Linux; Android 10; SM-J610G) AppleWebKit/537.36 (KHTML, like Gecko) Chrome/97.0.4692.98 Mobile Safari/537.36"
191.102.196.138 - - [24/Feb/2022:02:26:00 +0000] "GET /acerca-de HTTP/1.1" 200 2716 "https://www.elportavozchocoano.com/indigena?page=6" "Mozilla/5.0 (Linux; Android 10; SM-J610G) AppleWebKit/537.36 (KHTML, like Gecko) Chrome/97.0.4692.98 Mobile Safari/537.36"
191.102.196.138 - - [24/Feb/2022:02:26:00 +0000] "GET /static/img/fondo.svg HTTP/1.1" 200 7314 "https://www.elportavozchocoano.com/acerca-de" "Mozilla/5.0 (Linux; Android 10; SM-J610G) AppleWebKit/537.36 (KHTML, like Gecko) Chrome/97.0.4692.98 Mobile Safari/537.36"
191.102.196.138 - - [24/Feb/2022:02:26:00 +0000] "GET /static/img/Red_Nacional_Bibliotecas.svg HTTP/1.1" 200 14407 "https://www.elportavozchocoano.com/acerca-de" "Mozilla/5.0 (Linux; Android 10; SM-J610G) AppleWebKit/537.36 (KHTML, like Gecko) Chrome/97.0.4692.98 Mobile Safari/537.36"
162.142.125.213 - - [24/Feb/2022:02:31:05 +0000] "GET / HTTP/1.1" 400 154 "-" "Mozilla/5.0 (compatible; CensysInspect/1.1; +https://about.censys.io/)"
162.142.125.213 - - [24/Feb/2022:02:31:06 +0000] "PRI * HTTP/2.0" 400 166 "-" "-"
45.146.165.37 - - [24/Feb/2022:02:32:20 +0000] "GET /index.php?s=/Index/\x5Cthink\x5Capp/invokefunction&function=call_user_func_array&vars[0]=md5&vars[1][]=HelloThinkPHP21 HTTP/1.1" 400 154 "-" "Mozilla/5.0 (Windows NT 10.0; Win64; x64) AppleWebKit/537.36 (KHTML, like Gecko) Chrome/78.0.3904.108 Safari/537.36"
51.222.253.3 - - [24/Feb/2022:02:33:36 +0000] "GET /afro?page=50 HTTP/1.1" 200 3015 "-" "Mozilla/5.0 (compatible; AhrefsBot/7.0; +http://ahrefs.com/robot/)"
123.60.83.110 - - [24/Feb/2022:02:40:51 +0000] "GET / HTTP/1.1" 200 2786 "-" "Mozilla/5.0 (Windows NT 8.4; Win64; x64) AppleWebKit/537.36 (KHTML, like Gecko) Chrome/75.0.1984.88 Safari/537.36"
51.222.253.19 - - [24/Feb/2022:02:48:18 +0000] "GET /indigena?page=29 HTTP/1.1" 200 2664 "-" "Mozilla/5.0 (compatible; AhrefsBot/7.0; +http://ahrefs.com/robot/)"
66.249.64.23 - - [24/Feb/2022:02:48:29 +0000] "GET /afro?page=1 HTTP/1.1" 200 2740 "-" "Mozilla/5.0 (compatible; Googlebot/2.1; +http://www.google.com/bot.html)"
66.249.64.188 - - [24/Feb/2022:02:51:30 +0000] "GET /static/js/splide.min.js HTTP/1.1" 200 27529 "https://www.elportavozchocoano.com/acerca-de" "Mozilla/5.0 (Linux; Android 6.0.1; Nexus 5X Build/MMB29P) AppleWebKit/537.36 (KHTML, like Gecko) Chrome/98.0.4758.80 Mobile Safari/537.36 (compatible; Googlebot/2.1; +http://www.google.com/bot.html)"
66.249.64.160 - - [24/Feb/2022:02:51:31 +0000] "GET /static/img/fondo.svg HTTP/1.1" 200 7314 "https://www.elportavozchocoano.com/acerca-de" "Mozilla/5.0 (Linux; Android 6.0.1; Nexus 5X Build/MMB29P) AppleWebKit/537.36 (KHTML, like Gecko) Chrome/98.0.4758.80 Mobile Safari/537.36 (compatible; Googlebot/2.1; +http://www.google.com/bot.html)"
66.249.64.188 - - [24/Feb/2022:02:51:31 +0000] "GET /static/img/Red_Nacional_Bibliotecas.svg HTTP/1.1" 200 14407 "https://www.elportavozchocoano.com/acerca-de" "Mozilla/5.0 (Linux; Android 6.0.1; Nexus 5X Build/MMB29P) AppleWebKit/537.36 (KHTML, like Gecko) Chrome/98.0.4758.80 Mobile Safari/537.36 (compatible; Googlebot/2.1; +http://www.google.com/bot.html)"
139.162.145.250 - - [24/Feb/2022:02:53:24 +0000] "GET /bag2 HTTP/1.1" 400 154 "-" "Mozilla/4.0 (compatible; MSIE 8.0; Windows NT 6.0; Trident/4.0)"
51.222.253.13 - - [24/Feb/2022:03:03:04 +0000] "GET /indigena?page=5 HTTP/1.1" 200 2629 "-" "Mozilla/5.0 (compatible; AhrefsBot/7.0; +http://ahrefs.com/robot/)"
54.36.148.61 - - [24/Feb/2022:03:12:47 +0000] "GET /robots.txt HTTP/1.1" 200 1967 "-" "Mozilla/5.0 (compatible; AhrefsBot/7.0; +http://ahrefs.com/robot/)"
51.222.253.19 - - [24/Feb/2022:03:12:48 +0000] "GET /afro?page=49 HTTP/1.1" 200 2671 "-" "Mozilla/5.0 (compatible; AhrefsBot/7.0; +http://ahrefs.com/robot/)"
66.249.64.25 - - [24/Feb/2022:03:14:33 +0000] "GET /afro?page=3 HTTP/1.1" 200 2796 "-" "Mozilla/5.0 (compatible; Googlebot/2.1; +http://www.google.com/bot.html)"
66.249.64.160 - - [24/Feb/2022:03:14:34 +0000] "GET /indigena?page=4 HTTP/1.1" 200 2642 "-" "Mozilla/5.0 (compatible; Googlebot/2.1; +http://www.google.com/bot.html)"
66.249.64.190 - - [24/Feb/2022:03:15:01 +0000] "GET /static/css/header.css HTTP/1.1" 200 10967 "https://www.elportavozchocoano.com/indigena?page=4" "Mozilla/5.0 AppleWebKit/537.36 (KHTML, like Gecko; compatible; Googlebot/2.1; +http://www.google.com/bot.html) Chrome/98.0.4758.80 Safari/537.36"
66.249.64.188 - - [24/Feb/2022:03:18:29 +0000] "GET /afro?page=3 HTTP/1.1" 200 2800 "-" "Mozilla/5.0 (Linux; Android 6.0.1; Nexus 5X Build/MMB29P) AppleWebKit/537.36 (KHTML, like Gecko) Chrome/98.0.4758.102 Mobile Safari/537.36 (compatible; Googlebot/2.1; +http://www.google.com/bot.html)"
51.222.253.8 - - [24/Feb/2022:03:26:14 +0000] "GET /afro?page=6 HTTP/1.1" 200 2777 "-" "Mozilla/5.0 (compatible; AhrefsBot/7.0; +http://ahrefs.com/robot/)"
45.146.165.37 - - [24/Feb/2022:03:36:25 +0000] "GET /?XDEBUG_SESSION_START=phpstorm HTTP/1.1" 400 154 "-" "Mozilla/5.0 (Windows NT 10.0; Win64; x64) AppleWebKit/537.36 (KHTML, like Gecko) Chrome/78.0.3904.108 Safari/537.36"
51.222.253.17 - - [24/Feb/2022:03:40:18 +0000] "GET /indigena?page=28 HTTP/1.1" 200 2679 "-" "Mozilla/5.0 (compatible; AhrefsBot/7.0; +http://ahrefs.com/robot/)"
66.249.64.190 - - [24/Feb/2022:03:48:29 +0000] "GET /indigena?page=31 HTTP/1.1" 200 2670 "-" "Mozilla/5.0 (compatible; Googlebot/2.1; +http://www.google.com/bot.html)"
51.222.253.11 - - [24/Feb/2022:03:54:19 +0000] "GET /indigena?page=6 HTTP/1.1" 200 2653 "-" "Mozilla/5.0 (compatible; AhrefsBot/7.0; +http://ahrefs.com/robot/)"
109.237.103.9 - - [24/Feb/2022:04:07:03 +0000] "GET /.env HTTP/1.1" 400 154 "-" "Mozilla/5.0 (X11; Linux x86_64) AppleWebKit/537.36 (KHTML, like Gecko) Chrome/81.0.4044.129 Safari/537.36"
51.222.253.14 - - [24/Feb/2022:04:08:57 +0000] "GET /afro?page=49 HTTP/1.1" 200 2671 "-" "Mozilla/5.0 (compatible; AhrefsBot/7.0; +http://ahrefs.com/robot/)"
134.209.194.57 - - [24/Feb/2022:04:10:50 +0000] "GET / HTTP/1.1" 200 2785 "http://elportavozchocoano.com" "Mozilla/5.0 (X11; Linux x86_64) AppleWebKit/537.36 (KHTML, like Gecko) Chrome/59.0.3071.86 Safari/537.36 Slimjet/15.1.6.0"
134.209.194.57 - - [24/Feb/2022:04:10:50 +0000] "GET /indigena HTTP/1.1" 200 2729 "https://elportavozchocoano.com/" "Mozilla/5.0 (X11; Linux x86_64) AppleWebKit/537.36 (KHTML, like Gecko) Chrome/59.0.3071.86 Safari/537.36 Slimjet/15.1.6.0"
64.62.197.182 - - [24/Feb/2022:04:14:48 +0000] "GET / HTTP/1.1" 400 154 "-" "-"
66.249.64.25 - - [24/Feb/2022:04:18:29 +0000] "GET /afro?page=52 HTTP/1.1" 200 2775 "-" "Mozilla/5.0 (Linux; Android 6.0.1; Nexus 5X Build/MMB29P) AppleWebKit/537.36 (KHTML, like Gecko) Chrome/98.0.4758.102 Mobile Safari/537.36 (compatible; Googlebot/2.1; +http://www.google.com/bot.html)"
190.217.101.219 - - [24/Feb/2022:04:18:36 +0000] "GET /static/css/inicio.css HTTP/1.1" 304 0 "https://www.elportavozchocoano.com/" "Mozilla/5.0 (Linux; Android 11; SM-A107M) AppleWebKit/537.36 (KHTML, like Gecko) Chrome/98.0.4758.101 Mobile Safari/537.36"
190.217.101.219 - - [24/Feb/2022:04:18:36 +0000] "GET /static/css/not_found.css HTTP/1.1" 304 0 "https://www.elportavozchocoano.com/" "Mozilla/5.0 (Linux; Android 11; SM-A107M) AppleWebKit/537.36 (KHTML, like Gecko) Chrome/98.0.4758.101 Mobile Safari/537.36"
190.217.101.219 - - [24/Feb/2022:04:18:36 +0000] "GET /static/css/header.css HTTP/1.1" 304 0 "https://www.elportavozchocoano.com/" "Mozilla/5.0 (Linux; Android 11; SM-A107M) AppleWebKit/537.36 (KHTML, like Gecko) Chrome/98.0.4758.101 Mobile Safari/537.36"
190.217.101.219 - - [24/Feb/2022:04:18:36 +0000] "GET /static/css/footer.css HTTP/1.1" 304 0 "https://www.elportavozchocoano.com/" "Mozilla/5.0 (Linux; Android 11; SM-A107M) AppleWebKit/537.36 (KHTML, like Gecko) Chrome/98.0.4758.101 Mobile Safari/537.36"
190.217.101.219 - - [24/Feb/2022:04:18:37 +0000] "GET /static/css/palabra.css HTTP/1.1" 304 0 "https://www.elportavozchocoano.com/" "Mozilla/5.0 (Linux; Android 11; SM-A107M) AppleWebKit/537.36 (KHTML, like Gecko) Chrome/98.0.4758.101 Mobile Safari/537.36"
190.217.101.219 - - [24/Feb/2022:04:18:37 +0000] "GET /static/css/acercade.css HTTP/1.1" 304 0 "https://www.elportavozchocoano.com/" "Mozilla/5.0 (Linux; Android 11; SM-A107M) AppleWebKit/537.36 (KHTML, like Gecko) Chrome/98.0.4758.101 Mobile Safari/537.36"
190.217.101.219 - - [24/Feb/2022:04:18:37 +0000] "GET /static/css/all.min.css HTTP/1.1" 304 0 "https://www.elportavozchocoano.com/" "Mozilla/5.0 (Linux; Android 11; SM-A107M) AppleWebKit/537.36 (KHTML, like Gecko) Chrome/98.0.4758.101 Mobile Safari/537.36"
190.217.101.219 - - [24/Feb/2022:04:18:37 +0000] "GET /static/css/splide.min.css HTTP/1.1" 304 0 "https://www.elportavozchocoano.com/" "Mozilla/5.0 (Linux; Android 11; SM-A107M) AppleWebKit/537.36 (KHTML, like Gecko) Chrome/98.0.4758.101 Mobile Safari/537.36"
190.217.101.219 - - [24/Feb/2022:04:18:37 +0000] "GET /static/css/error.css HTTP/1.1" 304 0 "https://www.elportavozchocoano.com/" "Mozilla/5.0 (Linux; Android 11; SM-A107M) AppleWebKit/537.36 (KHTML, like Gecko) Chrome/98.0.4758.101 Mobile Safari/537.36"
190.217.101.219 - - [24/Feb/2022:04:18:37 +0000] "GET /static/js/splide.min.js HTTP/1.1" 304 0 "https://www.elportavozchocoano.com/" "Mozilla/5.0 (Linux; Android 11; SM-A107M) AppleWebKit/537.36 (KHTML, like Gecko) Chrome/98.0.4758.101 Mobile Safari/537.36"
190.217.101.219 - - [24/Feb/2022:04:18:37 +0000] "GET /static/css/fontawesome.min.css HTTP/1.1" 304 0 "https://www.elportavozchocoano.com/" "Mozilla/5.0 (Linux; Android 11; SM-A107M) AppleWebKit/537.36 (KHTML, like Gecko) Chrome/98.0.4758.101 Mobile Safari/537.36"
190.217.101.219 - - [24/Feb/2022:04:18:37 +0000] "GET /static/js/app.js HTTP/1.1" 304 0 "https://www.elportavozchocoano.com/" "Mozilla/5.0 (Linux; Android 11; SM-A107M) AppleWebKit/537.36 (KHTML, like Gecko) Chrome/98.0.4758.101 Mobile Safari/537.36"
190.217.101.219 - - [24/Feb/2022:04:18:38 +0000] "GET /static/fonts/Roboto/Roboto-Regular.ttf HTTP/1.1" 304 0 "https://www.elportavozchocoano.com/static/css/header.css" "Mozilla/5.0 (Linux; Android 11; SM-A107M) AppleWebKit/537.36 (KHTML, like Gecko) Chrome/98.0.4758.101 Mobile Safari/537.36"
190.217.101.219 - - [24/Feb/2022:04:18:38 +0000] "GET /static/webfonts/fa-solid-900.woff2 HTTP/1.1" 304 0 "https://www.elportavozchocoano.com/static/css/all.min.css" "Mozilla/5.0 (Linux; Android 11; SM-A107M) AppleWebKit/537.36 (KHTML, like Gecko) Chrome/98.0.4758.101 Mobile Safari/537.36"
190.217.101.219 - - [24/Feb/2022:04:18:38 +0000] "GET /static/fonts/M_PLUS/MPLUS1p-Bold.ttf HTTP/1.1" 304 0 "https://www.elportavozchocoano.com/static/css/header.css" "Mozilla/5.0 (Linux; Android 11; SM-A107M) AppleWebKit/537.36 (KHTML, like Gecko) Chrome/98.0.4758.101 Mobile Safari/537.36"
190.217.101.219 - - [24/Feb/2022:04:18:38 +0000] "GET /static/fonts/M_PLUS/MPLUS1p-Regular.ttf HTTP/1.1" 304 0 "https://www.elportavozchocoano.com/static/css/not_found.css" "Mozilla/5.0 (Linux; Android 11; SM-A107M) AppleWebKit/537.36 (KHTML, like Gecko) Chrome/98.0.4758.101 Mobile Safari/537.36"
190.217.101.219 - - [24/Feb/2022:04:18:38 +0000] "GET /static/fonts/M_PLUS/MPLUS1p-Light.ttf HTTP/1.1" 304 0 "https://www.elportavozchocoano.com/static/css/not_found.css" "Mozilla/5.0 (Linux; Android 11; SM-A107M) AppleWebKit/537.36 (KHTML, like Gecko) Chrome/98.0.4758.101 Mobile Safari/537.36"
190.217.101.219 - - [24/Feb/2022:04:18:38 +0000] "GET /static/img/humano.png HTTP/1.1" 304 0 "https://www.elportavozchocoano.com/" "Mozilla/5.0 (Linux; Android 11; SM-A107M) AppleWebKit/537.36 (KHTML, like Gecko) Chrome/98.0.4758.101 Mobile Safari/537.36"
190.217.101.219 - - [24/Feb/2022:04:18:38 +0000] "GET /static/icons/menu_blanco.svg HTTP/1.1" 304 0 "https://www.elportavozchocoano.com/" "Mozilla/5.0 (Linux; Android 11; SM-A107M) AppleWebKit/537.36 (KHTML, like Gecko) Chrome/98.0.4758.101 Mobile Safari/537.36"
190.217.101.219 - - [24/Feb/2022:04:18:38 +0000] "GET /static/img/Logo-Mincultura.png HTTP/1.1" 304 0 "https://www.elportavozchocoano.com/" "Mozilla/5.0 (Linux; Android 11; SM-A107M) AppleWebKit/537.36 (KHTML, like Gecko) Chrome/98.0.4758.101 Mobile Safari/537.36"
190.217.101.219 - - [24/Feb/2022:04:18:38 +0000] "GET /static/img/BNC_Blanco.png HTTP/1.1" 304 0 "https://www.elportavozchocoano.com/" "Mozilla/5.0 (Linux; Android 11; SM-A107M) AppleWebKit/537.36 (KHTML, like Gecko) Chrome/98.0.4758.101 Mobile Safari/537.36"
190.217.101.219 - - [24/Feb/2022:04:18:38 +0000] "GET /static/img/Logo_3.png HTTP/1.1" 304 0 "https://www.elportavozchocoano.com/" "Mozilla/5.0 (Linux; Android 11; SM-A107M) AppleWebKit/537.36 (KHTML, like Gecko) Chrome/98.0.4758.101 Mobile Safari/537.36"
192.241.205.235 - - [24/Feb/2022:04:24:37 +0000] "GET /actuator/health HTTP/1.1" 400 154 "-" "Mozilla/5.0 zgrab/0.x"
51.222.253.20 - - [24/Feb/2022:04:25:09 +0000] "GET /afro?page=6 HTTP/1.1" 200 2780 "-" "Mozilla/5.0 (compatible; AhrefsBot/7.0; +http://ahrefs.com/robot/)"
45.146.165.37 - - [24/Feb/2022:04:27:10 +0000] "POST /mifs/.;/services/LogService HTTP/1.1" 400 154 "https://157.245.88.155:443" "Mozilla/5.0 (Windows NT 10.0; Win64; x64) AppleWebKit/537.36 (KHTML, like Gecko) Chrome/78.0.3904.108 Safari/537.36"
31.210.20.234 - - [24/Feb/2022:04:30:39 +0000] "GET /config/getuser?index=0 HTTP/1.1" 400 264 "-" "Mozilla/5.0 (X11; Ubuntu; Linux x86_64; rv:76.0) Gecko/20100101 Firefox/76.0"
51.222.253.6 - - [24/Feb/2022:04:47:29 +0000] "GET /indigena?page=28 HTTP/1.1" 200 2673 "-" "Mozilla/5.0 (compatible; AhrefsBot/7.0; +http://ahrefs.com/robot/)"
66.249.64.190 - - [24/Feb/2022:04:48:29 +0000] "GET /indigena?page=31 HTTP/1.1" 200 2662 "-" "Mozilla/5.0 (Linux; Android 6.0.1; Nexus 5X Build/MMB29P) AppleWebKit/537.36 (KHTML, like Gecko) Chrome/98.0.4758.102 Mobile Safari/537.36 (compatible; Googlebot/2.1; +http://www.google.com/bot.html)"
51.222.253.2 - - [24/Feb/2022:05:00:50 +0000] "GET /indigena?page=6 HTTP/1.1" 200 2654 "-" "Mozilla/5.0 (compatible; AhrefsBot/7.0; +http://ahrefs.com/robot/)"
51.222.253.7 - - [24/Feb/2022:05:13:53 +0000] "GET /afro?page=48 HTTP/1.1" 200 2687 "-" "Mozilla/5.0 (compatible; AhrefsBot/7.0; +http://ahrefs.com/robot/)"
20.115.108.214 - - [24/Feb/2022:05:17:39 +0000] "GET /.env HTTP/1.1" 400 154 "-" "Mozilla/5.0 (Windows NT 10.0; Win64; x64; rv:58.0) Gecko/20100101 Firefox/58.0"
20.115.108.214 - - [24/Feb/2022:05:17:39 +0000] "POST / HTTP/1.1" 400 154 "-" "Mozilla/5.0 (Windows NT 10.0; Win64; x64; rv:58.0) Gecko/20100101 Firefox/58.0"
66.249.64.24 - - [24/Feb/2022:05:18:29 +0000] "GET /afro?page=1 HTTP/1.1" 200 2741 "-" "Mozilla/5.0 (Linux; Android 6.0.1; Nexus 5X Build/MMB29P) AppleWebKit/537.36 (KHTML, like Gecko) Chrome/98.0.4758.102 Mobile Safari/537.36 (compatible; Googlebot/2.1; +http://www.google.com/bot.html)"
185.189.182.234 - - [24/Feb/2022:05:20:18 +0000] "GET / HTTP/1.1" 400 166 "-" "-"
20.124.205.120 - - [24/Feb/2022:05:22:50 +0000] "GET / HTTP/1.1" 200 8987 "-" "Mozilla/5.0 (Windows NT 10.0; Win64; x64) AppleWebKit/537.36 (KHTML, like Gecko) Chrome/78.0.3904.108 Safari/537.36"
20.124.205.120 - - [24/Feb/2022:05:22:50 +0000] "GET //wp-includes/wlwmanifest.xml HTTP/1.1" 200 5876 "-" "Mozilla/5.0 (Windows NT 10.0; Win64; x64) AppleWebKit/537.36 (KHTML, like Gecko) Chrome/78.0.3904.108 Safari/537.36"
20.124.205.120 - - [24/Feb/2022:05:22:50 +0000] "GET //xmlrpc.php?rsd HTTP/1.1" 200 5876 "-" "Mozilla/5.0 (Windows NT 10.0; Win64; x64) AppleWebKit/537.36 (KHTML, like Gecko) Chrome/78.0.3904.108 Safari/537.36"
20.124.205.120 - - [24/Feb/2022:05:22:50 +0000] "GET / HTTP/1.1" 200 8987 "-" "Mozilla/5.0 (Windows NT 10.0; Win64; x64) AppleWebKit/537.36 (KHTML, like Gecko) Chrome/78.0.3904.108 Safari/537.36"
20.124.205.120 - - [24/Feb/2022:05:22:50 +0000] "GET //blog/wp-includes/wlwmanifest.xml HTTP/1.1" 200 5876 "-" "Mozilla/5.0 (Windows NT 10.0; Win64; x64) AppleWebKit/537.36 (KHTML, like Gecko) Chrome/78.0.3904.108 Safari/537.36"
20.124.205.120 - - [24/Feb/2022:05:22:50 +0000] "GET //web/wp-includes/wlwmanifest.xml HTTP/1.1" 200 5876 "-" "Mozilla/5.0 (Windows NT 10.0; Win64; x64) AppleWebKit/537.36 (KHTML, like Gecko) Chrome/78.0.3904.108 Safari/537.36"
20.124.205.120 - - [24/Feb/2022:05:22:50 +0000] "GET //wordpress/wp-includes/wlwmanifest.xml HTTP/1.1" 200 5876 "-" "Mozilla/5.0 (Windows NT 10.0; Win64; x64) AppleWebKit/537.36 (KHTML, like Gecko) Chrome/78.0.3904.108 Safari/537.36"
20.124.205.120 - - [24/Feb/2022:05:22:51 +0000] "GET //website/wp-includes/wlwmanifest.xml HTTP/1.1" 200 5876 "-" "Mozilla/5.0 (Windows NT 10.0; Win64; x64) AppleWebKit/537.36 (KHTML, like Gecko) Chrome/78.0.3904.108 Safari/537.36"
20.124.205.120 - - [24/Feb/2022:05:22:51 +0000] "GET //wp/wp-includes/wlwmanifest.xml HTTP/1.1" 200 5876 "-" "Mozilla/5.0 (Windows NT 10.0; Win64; x64) AppleWebKit/537.36 (KHTML, like Gecko) Chrome/78.0.3904.108 Safari/537.36"
20.124.205.120 - - [24/Feb/2022:05:22:51 +0000] "GET //news/wp-includes/wlwmanifest.xml HTTP/1.1" 200 5876 "-" "Mozilla/5.0 (Windows NT 10.0; Win64; x64) AppleWebKit/537.36 (KHTML, like Gecko) Chrome/78.0.3904.108 Safari/537.36"
20.124.205.120 - - [24/Feb/2022:05:22:51 +0000] "GET //2018/wp-includes/wlwmanifest.xml HTTP/1.1" 200 5876 "-" "Mozilla/5.0 (Windows NT 10.0; Win64; x64) AppleWebKit/537.36 (KHTML, like Gecko) Chrome/78.0.3904.108 Safari/537.36"
20.124.205.120 - - [24/Feb/2022:05:22:51 +0000] "GET //2019/wp-includes/wlwmanifest.xml HTTP/1.1" 200 5876 "-" "Mozilla/5.0 (Windows NT 10.0; Win64; x64) AppleWebKit/537.36 (KHTML, like Gecko) Chrome/78.0.3904.108 Safari/537.36"
20.124.205.120 - - [24/Feb/2022:05:22:51 +0000] "GET //shop/wp-includes/wlwmanifest.xml HTTP/1.1" 200 5876 "-" "Mozilla/5.0 (Windows NT 10.0; Win64; x64) AppleWebKit/537.36 (KHTML, like Gecko) Chrome/78.0.3904.108 Safari/537.36"
20.124.205.120 - - [24/Feb/2022:05:22:51 +0000] "GET //wp1/wp-includes/wlwmanifest.xml HTTP/1.1" 200 5876 "-" "Mozilla/5.0 (Windows NT 10.0; Win64; x64) AppleWebKit/537.36 (KHTML, like Gecko) Chrome/78.0.3904.108 Safari/537.36"
20.124.205.120 - - [24/Feb/2022:05:22:51 +0000] "GET //test/wp-includes/wlwmanifest.xml HTTP/1.1" 200 5876 "-" "Mozilla/5.0 (Windows NT 10.0; Win64; x64) AppleWebKit/537.36 (KHTML, like Gecko) Chrome/78.0.3904.108 Safari/537.36"
20.124.205.120 - - [24/Feb/2022:05:22:51 +0000] "GET //media/wp-includes/wlwmanifest.xml HTTP/1.1" 200 5876 "-" "Mozilla/5.0 (Windows NT 10.0; Win64; x64) AppleWebKit/537.36 (KHTML, like Gecko) Chrome/78.0.3904.108 Safari/537.36"
20.124.205.120 - - [24/Feb/2022:05:22:51 +0000] "GET //wp2/wp-includes/wlwmanifest.xml HTTP/1.1" 200 5876 "-" "Mozilla/5.0 (Windows NT 10.0; Win64; x64) AppleWebKit/537.36 (KHTML, like Gecko) Chrome/78.0.3904.108 Safari/537.36"
20.124.205.120 - - [24/Feb/2022:05:22:51 +0000] "GET //site/wp-includes/wlwmanifest.xml HTTP/1.1" 200 5876 "-" "Mozilla/5.0 (Windows NT 10.0; Win64; x64) AppleWebKit/537.36 (KHTML, like Gecko) Chrome/78.0.3904.108 Safari/537.36"
20.124.205.120 - - [24/Feb/2022:05:22:51 +0000] "GET //cms/wp-includes/wlwmanifest.xml HTTP/1.1" 200 5876 "-" "Mozilla/5.0 (Windows NT 10.0; Win64; x64) AppleWebKit/537.36 (KHTML, like Gecko) Chrome/78.0.3904.108 Safari/537.36"
20.124.205.120 - - [24/Feb/2022:05:22:51 +0000] "GET //sito/wp-includes/wlwmanifest.xml HTTP/1.1" 200 5876 "-" "Mozilla/5.0 (Windows NT 10.0; Win64; x64) AppleWebKit/537.36 (KHTML, like Gecko) Chrome/78.0.3904.108 Safari/537.36"
20.124.205.120 - - [24/Feb/2022:05:22:51 +0000] "" 400 0 "-" "-"
51.222.253.15 - - [24/Feb/2022:05:26:44 +0000] "GET /afro?page=7 HTTP/1.1" 200 2749 "-" "Mozilla/5.0 (compatible; AhrefsBot/7.0; +http://ahrefs.com/robot/)"
51.222.253.3 - - [24/Feb/2022:05:39:27 +0000] "GET /indigena?page=27 HTTP/1.1" 200 2618 "-" "Mozilla/5.0 (compatible; AhrefsBot/7.0; +http://ahrefs.com/robot/)"
161.35.230.3 - - [24/Feb/2022:05:46:27 +0000] "\x00\x0E81\x1E\xBC%\xDD\xEB\xBF\x8B\x00\x00\x00\x00\x00" 400 166 "-" "-"
66.249.64.25 - - [24/Feb/2022:05:48:29 +0000] "GET /indigena HTTP/1.1" 200 2731 "-" "Mozilla/5.0 (compatible; Googlebot/2.1; +http://www.google.com/bot.html)"
45.146.165.37 - - [24/Feb/2022:05:52:00 +0000] "POST /Autodiscover/Autodiscover.xml HTTP/1.1" 400 154 "-" "Mozilla/5.0 (Windows NT 10.0; Win64; x64) AppleWebKit/537.36 (KHTML, like Gecko) Chrome/78.0.3904.108 Safari/537.36"
51.222.253.6 - - [24/Feb/2022:05:52:59 +0000] "GET /indigena?page=7 HTTP/1.1" 200 2591 "-" "Mozilla/5.0 (compatible; AhrefsBot/7.0; +http://ahrefs.com/robot/)"
45.154.255.147 - - [24/Feb/2022:05:57:39 +0000] "GET / HTTP/1.1" 400 154 "-" "Mozilla/5.0 (Windows NT 10.0; Win64; x64) AppleWebKit/537.36 (KHTML, like Gecko) Chrome/95.0.4638.69 Safari/537.36"
51.222.253.3 - - [24/Feb/2022:06:06:23 +0000] "GET /afro?page=48 HTTP/1.1" 200 2688 "-" "Mozilla/5.0 (compatible; AhrefsBot/7.0; +http://ahrefs.com/robot/)"
66.249.64.190 - - [24/Feb/2022:06:18:29 +0000] "GET /indigena?page=2 HTTP/1.1" 200 2632 "-" "Mozilla/5.0 (Linux; Android 6.0.1; Nexus 5X Build/MMB29P) AppleWebKit/537.36 (KHTML, like Gecko) Chrome/98.0.4758.102 Mobile Safari/537.36 (compatible; Googlebot/2.1; +http://www.google.com/bot.html)"
51.222.253.9 - - [24/Feb/2022:06:20:24 +0000] "GET /afro?page=7 HTTP/1.1" 200 2747 "-" "Mozilla/5.0 (compatible; AhrefsBot/7.0; +http://ahrefs.com/robot/)"
45.146.165.37 - - [24/Feb/2022:06:31:31 +0000] "GET /_ignition/execute-solution HTTP/1.1" 400 154 "-" "Mozilla/5.0 (Windows NT 10.0; Win64; x64) AppleWebKit/537.36 (KHTML, like Gecko) Chrome/78.0.3904.108 Safari/537.36"
51.222.253.14 - - [24/Feb/2022:06:35:18 +0000] "GET /indigena?page=27 HTTP/1.1" 200 2619 "-" "Mozilla/5.0 (compatible; AhrefsBot/7.0; +http://ahrefs.com/robot/)"
51.222.253.9 - - [24/Feb/2022:06:42:59 +0000] "GET /indigena?page=7 HTTP/1.1" 200 2591 "-" "Mozilla/5.0 (compatible; AhrefsBot/7.0; +http://ahrefs.com/robot/)"
66.249.64.24 - - [24/Feb/2022:06:48:29 +0000] "GET /indigena HTTP/1.1" 200 2728 "-" "Mozilla/5.0 (Linux; Android 6.0.1; Nexus 5X Build/MMB29P) AppleWebKit/537.36 (KHTML, like Gecko) Chrome/98.0.4758.102 Mobile Safari/537.36 (compatible; Googlebot/2.1; +http://www.google.com/bot.html)"
51.222.253.13 - - [24/Feb/2022:06:50:58 +0000] "GET /afro?page=47 HTTP/1.1" 200 2729 "-" "Mozilla/5.0 (compatible; AhrefsBot/7.0; +http://ahrefs.com/robot/)"
95.216.187.120 - - [24/Feb/2022:06:53:19 +0000] "GET / HTTP/1.1" 200 2784 "http://elportavozchocoano.com" "Mozilla/5.0 (Macintosh; Intel Mac OS X 10_12_6) AppleWebKit/537.36 (KHTML, like Gecko) Chrome/80.0.3987 Safari/537.36"
51.222.253.4 - - [24/Feb/2022:06:59:49 +0000] "GET /afro?page=8 HTTP/1.1" 200 2783 "-" "Mozilla/5.0 (compatible; AhrefsBot/7.0; +http://ahrefs.com/robot/)"
144.76.68.70 - - [24/Feb/2022:07:02:19 +0000] "GET /robots.txt HTTP/1.1" 200 1967 "-" "serpstatbot/2.1 (advanced backlink tracking bot; https://serpstatbot.com/; abuse@serpstatbot.com)"
51.222.253.17 - - [24/Feb/2022:07:09:26 +0000] "GET /indigena?page=26 HTTP/1.1" 200 2614 "-" "Mozilla/5.0 (compatible; AhrefsBot/7.0; +http://ahrefs.com/robot/)"
51.222.253.6 - - [24/Feb/2022:07:18:31 +0000] "GET /indigena?page=8 HTTP/1.1" 200 2614 "-" "Mozilla/5.0 (compatible; AhrefsBot/7.0; +http://ahrefs.com/robot/)"
144.76.68.70 - - [24/Feb/2022:07:22:44 +0000] "GET / HTTP/1.1" 200 2786 "-" "serpstatbot/2.1 (advanced backlink tracking bot; https://serpstatbot.com/; abuse@serpstatbot.com)"
54.36.148.189 - - [24/Feb/2022:07:28:03 +0000] "GET /robots.txt HTTP/1.1" 200 1967 "-" "Mozilla/5.0 (compatible; AhrefsBot/7.0; +http://ahrefs.com/robot/)"
51.222.253.7 - - [24/Feb/2022:07:28:03 +0000] "GET /afro?page=47 HTTP/1.1" 200 2727 "-" "Mozilla/5.0 (compatible; AhrefsBot/7.0; +http://ahrefs.com/robot/)"
192.241.209.134 - - [24/Feb/2022:07:40:16 +0000] "GET /owa/auth/x.js HTTP/1.1" 400 154 "-" "Mozilla/5.0 zgrab/0.x"
192.241.211.189 - - [24/Feb/2022:07:40:37 +0000] "GET /owa/auth/logon.aspx HTTP/1.1" 400 154 "-" "Mozilla/5.0 zgrab/0.x"
144.76.68.70 - - [24/Feb/2022:07:42:14 +0000] "GET /acerca-de HTTP/1.1" 200 2716 "-" "serpstatbot/2.1 (advanced backlink tracking bot; https://serpstatbot.com/; abuse@serpstatbot.com)"
144.76.68.70 - - [24/Feb/2022:07:42:17 +0000] "GET /afro HTTP/1.1" 200 2737 "-" "serpstatbot/2.1 (advanced backlink tracking bot; https://serpstatbot.com/; abuse@serpstatbot.com)"
144.76.68.70 - - [24/Feb/2022:07:42:20 +0000] "GET /indigena HTTP/1.1" 200 2726 "-" "serpstatbot/2.1 (advanced backlink tracking bot; https://serpstatbot.com/; abuse@serpstatbot.com)"
192.241.211.199 - - [24/Feb/2022:07:48:57 +0000] "GET /ecp/Current/exporttool/microsoft.exchange.ediscovery.exporttool.application HTTP/1.1" 400 154 "-" "Mozilla/5.0 zgrab/0.x"
45.146.165.37 - - [24/Feb/2022:07:50:53 +0000] "GET / HTTP/1.1" 400 154 "-" "Mozilla/5.0 (Windows NT 10.0; Win64; x64) AppleWebKit/537.36 (KHTML, like Gecko) Chrome/78.0.3904.108 Safari/537.36"
144.76.68.70 - - [24/Feb/2022:08:02:16 +0000] "GET /indigena?page=32 HTTP/1.1" 200 2512 "-" "serpstatbot/2.1 (advanced backlink tracking bot; https://serpstatbot.com/; abuse@serpstatbot.com)"
144.76.68.70 - - [24/Feb/2022:08:02:17 +0000] "GET /afro?page=2 HTTP/1.1" 200 2795 "-" "serpstatbot/2.1 (advanced backlink tracking bot; https://serpstatbot.com/; abuse@serpstatbot.com)"
144.76.68.70 - - [24/Feb/2022:08:02:18 +0000] "GET /afro?page=53 HTTP/1.1" 200 2458 "-" "serpstatbot/2.1 (advanced backlink tracking bot; https://serpstatbot.com/; abuse@serpstatbot.com)"
144.76.68.70 - - [24/Feb/2022:08:02:20 +0000] "GET /indigena?page=2 HTTP/1.1" 200 2632 "-" "serpstatbot/2.1 (advanced backlink tracking bot; https://serpstatbot.com/; abuse@serpstatbot.com)"
51.222.253.10 - - [24/Feb/2022:08:05:49 +0000] "GET /afro?page=8 HTTP/1.1" 200 2793 "-" "Mozilla/5.0 (compatible; AhrefsBot/7.0; +http://ahrefs.com/robot/)"
66.249.64.25 - - [24/Feb/2022:08:06:43 +0000] "GET /static/img/Red_Nacional_Bibliotecas.svg HTTP/1.1" 200 14407 "https://elportavozchocoano.com/acerca-de" "Mozilla/5.0 (Linux; Android 6.0.1; Nexus 5X Build/MMB29P) AppleWebKit/537.36 (KHTML, like Gecko) Chrome/98.0.4758.80 Mobile Safari/537.36 (compatible; Googlebot/2.1; +http://www.google.com/bot.html)"
179.43.169.180 - - [24/Feb/2022:08:14:29 +0000] "GET / HTTP/1.1" 200 8987 "-" "Mozilla/5.0 (X11; Linux i686; rv:10.0) Gecko/20100101 Firefox/10.0"
179.43.169.180 - - [24/Feb/2022:08:14:29 +0000] "GET / HTTP/1.1" 200 8987 "-" "Mozilla/5.0 (X11; Linux i686; rv:10.0) Gecko/20100101 Firefox/10.0"
66.249.64.24 - - [24/Feb/2022:08:14:33 +0000] "GET /afro?page=3 HTTP/1.1" 200 2803 "-" "Mozilla/5.0 (Linux; Android 6.0.1; Nexus 5X Build/MMB29P) AppleWebKit/537.36 (KHTML, like Gecko) Chrome/98.0.4758.102 Mobile Safari/537.36 (compatible; Googlebot/2.1; +http://www.google.com/bot.html)"
66.249.64.188 - - [24/Feb/2022:08:14:34 +0000] "GET /indigena?page=4 HTTP/1.1" 200 2654 "-" "Mozilla/5.0 (Linux; Android 6.0.1; Nexus 5X Build/MMB29P) AppleWebKit/537.36 (KHTML, like Gecko) Chrome/98.0.4758.102 Mobile Safari/537.36 (compatible; Googlebot/2.1; +http://www.google.com/bot.html)"
66.249.64.190 - - [24/Feb/2022:08:14:58 +0000] "GET /static/css/header.css HTTP/1.1" 200 10967 "https://www.elportavozchocoano.com/indigena?page=4" "Mozilla/5.0 (Linux; Android 6.0.1; Nexus 5X Build/MMB29P) AppleWebKit/537.36 (KHTML, like Gecko) Chrome/98.0.4758.80 Mobile Safari/537.36 (compatible; Googlebot/2.1; +http://www.google.com/bot.html)"
51.222.253.11 - - [24/Feb/2022:08:15:53 +0000] "GET /indigena?page=26 HTTP/1.1" 200 2612 "-" "Mozilla/5.0 (compatible; AhrefsBot/7.0; +http://ahrefs.com/robot/)"
144.76.68.70 - - [24/Feb/2022:08:22:24 +0000] "GET /afro?page=1 HTTP/1.1" 200 2739 "-" "serpstatbot/2.1 (advanced backlink tracking bot; https://serpstatbot.com/; abuse@serpstatbot.com)"
144.76.68.70 - - [24/Feb/2022:08:22:27 +0000] "GET /afro?page=3 HTTP/1.1" 200 2798 "-" "serpstatbot/2.1 (advanced backlink tracking bot; https://serpstatbot.com/; abuse@serpstatbot.com)"
144.76.68.70 - - [24/Feb/2022:08:22:29 +0000] "GET /afro?page=52 HTTP/1.1" 200 2774 "-" "serpstatbot/2.1 (advanced backlink tracking bot; https://serpstatbot.com/; abuse@serpstatbot.com)"
144.76.68.70 - - [24/Feb/2022:08:22:31 +0000] "GET /indigena?page=1 HTTP/1.1" 200 2727 "-" "serpstatbot/2.1 (advanced backlink tracking bot; https://serpstatbot.com/; abuse@serpstatbot.com)"
144.76.68.70 - - [24/Feb/2022:08:22:34 +0000] "GET /indigena?page=3 HTTP/1.1" 200 2616 "-" "serpstatbot/2.1 (advanced backlink tracking bot; https://serpstatbot.com/; abuse@serpstatbot.com)"
144.76.68.70 - - [24/Feb/2022:08:22:36 +0000] "GET /indigena?page=31 HTTP/1.1" 200 2666 "-" "serpstatbot/2.1 (advanced backlink tracking bot; https://serpstatbot.com/; abuse@serpstatbot.com)"
51.222.253.6 - - [24/Feb/2022:08:26:00 +0000] "GET /indigena?page=8 HTTP/1.1" 200 2615 "-" "Mozilla/5.0 (compatible; AhrefsBot/7.0; +http://ahrefs.com/robot/)"
51.222.253.2 - - [24/Feb/2022:08:37:04 +0000] "GET /afro?page=46 HTTP/1.1" 200 2748 "-" "Mozilla/5.0 (compatible; AhrefsBot/7.0; +http://ahrefs.com/robot/)"
144.76.68.70 - - [24/Feb/2022:08:42:27 +0000] "GET /afro?page=4 HTTP/1.1" 200 2800 "-" "serpstatbot/2.1 (advanced backlink tracking bot; https://serpstatbot.com/; abuse@serpstatbot.com)"
144.76.68.70 - - [24/Feb/2022:08:42:30 +0000] "GET /afro?page=51 HTTP/1.1" 200 3108 "-" "serpstatbot/2.1 (advanced backlink tracking bot; https://serpstatbot.com/; abuse@serpstatbot.com)"
144.76.68.70 - - [24/Feb/2022:08:42:33 +0000] "GET /indigena?page=30 HTTP/1.1" 200 2644 "-" "serpstatbot/2.1 (advanced backlink tracking bot; https://serpstatbot.com/; abuse@serpstatbot.com)"
144.76.68.70 - - [24/Feb/2022:08:42:36 +0000] "GET /indigena?page=4 HTTP/1.1" 200 2656 "-" "serpstatbot/2.1 (advanced backlink tracking bot; https://serpstatbot.com/; abuse@serpstatbot.com)"
198.23.156.253 - - [24/Feb/2022:08:47:20 +0000] "GET /core/.env HTTP/1.1" 200 1967 "http://elportavozchocoano.com/core/.env" "-"
198.23.156.253 - - [24/Feb/2022:08:47:20 +0000] "GET /.env HTTP/1.1" 200 1967 "http://elportavozchocoano.com/.env" "-"
51.222.253.18 - - [24/Feb/2022:08:51:12 +0000] "GET /afro?page=9 HTTP/1.1" 200 2643 "-" "Mozilla/5.0 (compatible; AhrefsBot/7.0; +http://ahrefs.com/robot/)"
144.76.68.70 - - [24/Feb/2022:09:02:34 +0000] "GET /afro?page=5 HTTP/1.1" 200 2819 "-" "serpstatbot/2.1 (advanced backlink tracking bot; https://serpstatbot.com/; abuse@serpstatbot.com)"
144.76.68.70 - - [24/Feb/2022:09:02:37 +0000] "GET /afro?page=50 HTTP/1.1" 200 3017 "-" "serpstatbot/2.1 (advanced backlink tracking bot; https://serpstatbot.com/; abuse@serpstatbot.com)"
144.76.68.70 - - [24/Feb/2022:09:02:40 +0000] "GET /indigena?page=29 HTTP/1.1" 200 2662 "-" "serpstatbot/2.1 (advanced backlink tracking bot; https://serpstatbot.com/; abuse@serpstatbot.com)"
51.222.253.9 - - [24/Feb/2022:09:02:41 +0000] "GET /indigena?page=25 HTTP/1.1" 200 2639 "-" "Mozilla/5.0 (compatible; AhrefsBot/7.0; +http://ahrefs.com/robot/)"
144.76.68.70 - - [24/Feb/2022:09:02:43 +0000] "GET /indigena?page=5 HTTP/1.1" 200 2626 "-" "serpstatbot/2.1 (advanced backlink tracking bot; https://serpstatbot.com/; abuse@serpstatbot.com)"
45.146.165.37 - - [24/Feb/2022:09:13:10 +0000] "POST /cgi-bin/.%2e/.%2e/.%2e/.%2e/bin/sh HTTP/1.1" 400 166 "-" "-"
51.222.253.10 - - [24/Feb/2022:09:14:19 +0000] "GET /indigena?page=9 HTTP/1.1" 200 2606 "-" "Mozilla/5.0 (compatible; AhrefsBot/7.0; +http://ahrefs.com/robot/)"
144.76.68.70 - - [24/Feb/2022:09:22:35 +0000] "GET /afro?page=49 HTTP/1.1" 200 2672 "-" "serpstatbot/2.1 (advanced backlink tracking bot; https://serpstatbot.com/; abuse@serpstatbot.com)"
144.76.68.70 - - [24/Feb/2022:09:22:39 +0000] "GET /afro?page=6 HTTP/1.1" 200 2780 "-" "serpstatbot/2.1 (advanced backlink tracking bot; https://serpstatbot.com/; abuse@serpstatbot.com)"
144.76.68.70 - - [24/Feb/2022:09:22:42 +0000] "GET /indigena?page=28 HTTP/1.1" 200 2676 "-" "serpstatbot/2.1 (advanced backlink tracking bot; https://serpstatbot.com/; abuse@serpstatbot.com)"
144.76.68.70 - - [24/Feb/2022:09:22:45 +0000] "GET /indigena?page=6 HTTP/1.1" 200 2654 "-" "serpstatbot/2.1 (advanced backlink tracking bot; https://serpstatbot.com/; abuse@serpstatbot.com)"
51.222.253.4 - - [24/Feb/2022:09:25:49 +0000] "GET /afro?page=46 HTTP/1.1" 200 2746 "-" "Mozilla/5.0 (compatible; AhrefsBot/7.0; +http://ahrefs.com/robot/)"
51.222.253.1 - - [24/Feb/2022:09:41:31 +0000] "GET /afro?page=9 HTTP/1.1" 200 2643 "-" "Mozilla/5.0 (compatible; AhrefsBot/7.0; +http://ahrefs.com/robot/)"
144.76.68.70 - - [24/Feb/2022:09:42:33 +0000] "GET /afro?page=48 HTTP/1.1" 200 2688 "-" "serpstatbot/2.1 (advanced backlink tracking bot; https://serpstatbot.com/; abuse@serpstatbot.com)"
144.76.68.70 - - [24/Feb/2022:09:42:35 +0000] "GET /afro?page=7 HTTP/1.1" 200 2749 "-" "serpstatbot/2.1 (advanced backlink tracking bot; https://serpstatbot.com/; abuse@serpstatbot.com)"
144.76.68.70 - - [24/Feb/2022:09:42:38 +0000] "GET /indigena?page=27 HTTP/1.1" 200 2617 "-" "serpstatbot/2.1 (advanced backlink tracking bot; https://serpstatbot.com/; abuse@serpstatbot.com)"
144.76.68.70 - - [24/Feb/2022:09:42:40 +0000] "GET /indigena?page=7 HTTP/1.1" 200 2591 "-" "serpstatbot/2.1 (advanced backlink tracking bot; https://serpstatbot.com/; abuse@serpstatbot.com)"
123.60.83.110 - - [24/Feb/2022:09:49:28 +0000] "GET / HTTP/1.1" 200 2786 "-" "Mozilla/5.0 (Windows NT 9.5; Win64; x64) AppleWebKit/537.36 (KHTML, like Gecko) Chrome/75.0.2296.88 Safari/537.36"
51.222.253.9 - - [24/Feb/2022:09:50:28 +0000] "GET /indigena?page=25 HTTP/1.1" 200 2637 "-" "Mozilla/5.0 (compatible; AhrefsBot/7.0; +http://ahrefs.com/robot/)"
139.99.61.171 - - [24/Feb/2022:09:55:08 +0000] "GET / HTTP/1.1" 200 8987 "-" "Mozilla/5.0 (Windows NT 6.1; WOW64) AppleWebKit/537.1 (KHTML, like Gecko) Chrome/21.0.1180.83 Safari/537.1"
139.99.61.171 - - [24/Feb/2022:09:55:45 +0000] "GET / HTTP/1.1" 200 8987 "-" "-"
139.99.61.171 - - [24/Feb/2022:09:55:53 +0000] "HEAD / HTTP/1.1" 200 0 "-" "Mozilla/5.0 (Windows NT 10.0; Win64; x64) AppleWebKit/537.36 (KHTML, like Gecko) Chrome/42.0.2311.135 Safari/537.36 Edge/12.246"
139.99.61.171 - - [24/Feb/2022:09:55:53 +0000] "GET / HTTP/1.1" 200 8987 "-" "Mozilla/5.0 (Windows NT 10.0; Win64; x64) AppleWebKit/537.36 (KHTML, like Gecko) Chrome/42.0.2311.135 Safari/537.36 Edge/12.246"
139.99.61.171 - - [24/Feb/2022:09:55:54 +0000] "GET /robots.txt HTTP/1.1" 200 5876 "-" "Mozilla/5.0 (Windows NT 10.0; Win64; x64) AppleWebKit/537.36 (KHTML, like Gecko) Chrome/42.0.2311.135 Safari/537.36 Edge/12.246"
139.99.61.171 - - [24/Feb/2022:09:55:54 +0000] "HEAD /static/icons/megafono.png HTTP/1.1" 200 0 "https://elportavozchocoano.com/" "Mozilla/5.0 (Windows NT 10.0; Win64; x64) AppleWebKit/537.36 (KHTML, like Gecko) Chrome/42.0.2311.135 Safari/537.36 Edge/12.246"
139.99.61.171 - - [24/Feb/2022:09:55:54 +0000] "HEAD /static/css/not_found.css HTTP/1.1" 200 0 "https://elportavozchocoano.com/" "Mozilla/5.0 (Windows NT 10.0; Win64; x64) AppleWebKit/537.36 (KHTML, like Gecko) Chrome/42.0.2311.135 Safari/537.36 Edge/12.246"
139.99.61.171 - - [24/Feb/2022:09:55:54 +0000] "GET /static/css/not_found.css HTTP/1.1" 200 4311 "https://elportavozchocoano.com/" "Mozilla/5.0 (Windows NT 10.0; Win64; x64) AppleWebKit/537.36 (KHTML, like Gecko) Chrome/42.0.2311.135 Safari/537.36 Edge/12.246"
139.99.61.171 - - [24/Feb/2022:09:55:54 +0000] "HEAD /static/css/header.css HTTP/1.1" 200 0 "https://elportavozchocoano.com/" "Mozilla/5.0 (Windows NT 10.0; Win64; x64) AppleWebKit/537.36 (KHTML, like Gecko) Chrome/42.0.2311.135 Safari/537.36 Edge/12.246"
139.99.61.171 - - [24/Feb/2022:09:55:55 +0000] "GET /static/css/header.css HTTP/1.1" 200 10967 "https://elportavozchocoano.com/" "Mozilla/5.0 (Windows NT 10.0; Win64; x64) AppleWebKit/537.36 (KHTML, like Gecko) Chrome/42.0.2311.135 Safari/537.36 Edge/12.246"
139.99.61.171 - - [24/Feb/2022:09:55:55 +0000] "HEAD /static/css/inicio.css HTTP/1.1" 200 0 "https://elportavozchocoano.com/" "Mozilla/5.0 (Windows NT 10.0; Win64; x64) AppleWebKit/537.36 (KHTML, like Gecko) Chrome/42.0.2311.135 Safari/537.36 Edge/12.246"
139.99.61.171 - - [24/Feb/2022:09:55:55 +0000] "GET /static/css/inicio.css HTTP/1.1" 200 2656 "https://elportavozchocoano.com/" "Mozilla/5.0 (Windows NT 10.0; Win64; x64) AppleWebKit/537.36 (KHTML, like Gecko) Chrome/42.0.2311.135 Safari/537.36 Edge/12.246"
139.99.61.171 - - [24/Feb/2022:09:55:55 +0000] "HEAD /static/css/footer.css HTTP/1.1" 200 0 "https://elportavozchocoano.com/" "Mozilla/5.0 (Windows NT 10.0; Win64; x64) AppleWebKit/537.36 (KHTML, like Gecko) Chrome/42.0.2311.135 Safari/537.36 Edge/12.246"
139.99.61.171 - - [24/Feb/2022:09:55:56 +0000] "GET /static/css/footer.css HTTP/1.1" 200 2847 "https://elportavozchocoano.com/" "Mozilla/5.0 (Windows NT 10.0; Win64; x64) AppleWebKit/537.36 (KHTML, like Gecko) Chrome/42.0.2311.135 Safari/537.36 Edge/12.246"
139.99.61.171 - - [24/Feb/2022:09:55:56 +0000] "HEAD /static/css/palabra.css HTTP/1.1" 200 0 "https://elportavozchocoano.com/" "Mozilla/5.0 (Windows NT 10.0; Win64; x64) AppleWebKit/537.36 (KHTML, like Gecko) Chrome/42.0.2311.135 Safari/537.36 Edge/12.246"
139.99.61.171 - - [24/Feb/2022:09:55:56 +0000] "GET /static/css/palabra.css HTTP/1.1" 200 4624 "https://elportavozchocoano.com/" "Mozilla/5.0 (Windows NT 10.0; Win64; x64) AppleWebKit/537.36 (KHTML, like Gecko) Chrome/42.0.2311.135 Safari/537.36 Edge/12.246"
139.99.61.171 - - [24/Feb/2022:09:55:56 +0000] "HEAD /static/css/acercade.css HTTP/1.1" 200 0 "https://elportavozchocoano.com/" "Mozilla/5.0 (Windows NT 10.0; Win64; x64) AppleWebKit/537.36 (KHTML, like Gecko) Chrome/42.0.2311.135 Safari/537.36 Edge/12.246"
139.99.61.171 - - [24/Feb/2022:09:55:56 +0000] "GET /static/css/acercade.css HTTP/1.1" 200 9826 "https://elportavozchocoano.com/" "Mozilla/5.0 (Windows NT 10.0; Win64; x64) AppleWebKit/537.36 (KHTML, like Gecko) Chrome/42.0.2311.135 Safari/537.36 Edge/12.246"
139.99.61.171 - - [24/Feb/2022:09:55:57 +0000] "HEAD /static/css/error.css HTTP/1.1" 200 0 "https://elportavozchocoano.com/" "Mozilla/5.0 (Windows NT 10.0; Win64; x64) AppleWebKit/537.36 (KHTML, like Gecko) Chrome/42.0.2311.135 Safari/537.36 Edge/12.246"
139.99.61.171 - - [24/Feb/2022:09:55:57 +0000] "GET /static/css/error.css HTTP/1.1" 200 2801 "https://elportavozchocoano.com/" "Mozilla/5.0 (Windows NT 10.0; Win64; x64) AppleWebKit/537.36 (KHTML, like Gecko) Chrome/42.0.2311.135 Safari/537.36 Edge/12.246"
139.99.61.171 - - [24/Feb/2022:09:55:57 +0000] "HEAD /static/css/all.min.css HTTP/1.1" 200 0 "https://elportavozchocoano.com/" "Mozilla/5.0 (Windows NT 10.0; Win64; x64) AppleWebKit/537.36 (KHTML, like Gecko) Chrome/42.0.2311.135 Safari/537.36 Edge/12.246"
139.99.61.171 - - [24/Feb/2022:09:55:57 +0000] "GET /static/css/all.min.css HTTP/1.1" 200 83981 "https://elportavozchocoano.com/" "Mozilla/5.0 (Windows NT 10.0; Win64; x64) AppleWebKit/537.36 (KHTML, like Gecko) Chrome/42.0.2311.135 Safari/537.36 Edge/12.246"
139.99.61.171 - - [24/Feb/2022:09:55:58 +0000] "HEAD /static/css/fontawesome.min.css HTTP/1.1" 200 0 "https://elportavozchocoano.com/" "Mozilla/5.0 (Windows NT 10.0; Win64; x64) AppleWebKit/537.36 (KHTML, like Gecko) Chrome/42.0.2311.135 Safari/537.36 Edge/12.246"
139.99.61.171 - - [24/Feb/2022:09:55:58 +0000] "GET /static/css/fontawesome.min.css HTTP/1.1" 200 63683 "https://elportavozchocoano.com/" "Mozilla/5.0 (Windows NT 10.0; Win64; x64) AppleWebKit/537.36 (KHTML, like Gecko) Chrome/42.0.2311.135 Safari/537.36 Edge/12.246"
139.99.61.171 - - [24/Feb/2022:09:55:59 +0000] "HEAD /static/css/splide.min.css HTTP/1.1" 200 0 "https://elportavozchocoano.com/" "Mozilla/5.0 (Windows NT 10.0; Win64; x64) AppleWebKit/537.36 (KHTML, like Gecko) Chrome/42.0.2311.135 Safari/537.36 Edge/12.246"
139.99.61.171 - - [24/Feb/2022:09:55:59 +0000] "GET /static/css/splide.min.css HTTP/1.1" 200 6060 "https://elportavozchocoano.com/" "Mozilla/5.0 (Windows NT 10.0; Win64; x64) AppleWebKit/537.36 (KHTML, like Gecko) Chrome/42.0.2311.135 Safari/537.36 Edge/12.246"
139.99.61.171 - - [24/Feb/2022:09:55:59 +0000] "HEAD /acerca-de HTTP/1.1" 200 0 "https://elportavozchocoano.com/" "Mozilla/5.0 (Windows NT 10.0; Win64; x64) AppleWebKit/537.36 (KHTML, like Gecko) Chrome/42.0.2311.135 Safari/537.36 Edge/12.246"
139.99.61.171 - - [24/Feb/2022:09:55:59 +0000] "GET /acerca-de HTTP/1.1" 200 8624 "https://elportavozchocoano.com/" "Mozilla/5.0 (Windows NT 10.0; Win64; x64) AppleWebKit/537.36 (KHTML, like Gecko) Chrome/42.0.2311.135 Safari/537.36 Edge/12.246"
139.99.61.171 - - [24/Feb/2022:09:56:00 +0000] "HEAD /static/icons/menu_blanco.svg HTTP/1.1" 200 0 "https://elportavozchocoano.com/" "Mozilla/5.0 (Windows NT 10.0; Win64; x64) AppleWebKit/537.36 (KHTML, like Gecko) Chrome/42.0.2311.135 Safari/537.36 Edge/12.246"
139.99.61.171 - - [24/Feb/2022:09:56:00 +0000] "HEAD /indigena HTTP/1.1" 200 0 "https://elportavozchocoano.com/" "Mozilla/5.0 (Windows NT 10.0; Win64; x64) AppleWebKit/537.36 (KHTML, like Gecko) Chrome/42.0.2311.135 Safari/537.36 Edge/12.246"
139.99.61.171 - - [24/Feb/2022:09:56:00 +0000] "GET /indigena HTTP/1.1" 200 9764 "https://elportavozchocoano.com/" "Mozilla/5.0 (Windows NT 10.0; Win64; x64) AppleWebKit/537.36 (KHTML, like Gecko) Chrome/42.0.2311.135 Safari/537.36 Edge/12.246"
139.99.61.171 - - [24/Feb/2022:09:56:00 +0000] "HEAD /afro HTTP/1.1" 200 0 "https://elportavozchocoano.com/" "Mozilla/5.0 (Windows NT 10.0; Win64; x64) AppleWebKit/537.36 (KHTML, like Gecko) Chrome/42.0.2311.135 Safari/537.36 Edge/12.246"
139.99.61.171 - - [24/Feb/2022:09:56:01 +0000] "GET /afro HTTP/1.1" 200 9561 "https://elportavozchocoano.com/" "Mozilla/5.0 (Windows NT 10.0; Win64; x64) AppleWebKit/537.36 (KHTML, like Gecko) Chrome/42.0.2311.135 Safari/537.36 Edge/12.246"
139.99.61.171 - - [24/Feb/2022:09:56:01 +0000] "HEAD /static/img/humano.png HTTP/1.1" 200 0 "https://elportavozchocoano.com/" "Mozilla/5.0 (Windows NT 10.0; Win64; x64) AppleWebKit/537.36 (KHTML, like Gecko) Chrome/42.0.2311.135 Safari/537.36 Edge/12.246"
139.99.61.171 - - [24/Feb/2022:09:56:01 +0000] "HEAD /static/img/Logo-Mincultura.png HTTP/1.1" 200 0 "https://elportavozchocoano.com/" "Mozilla/5.0 (Windows NT 10.0; Win64; x64) AppleWebKit/537.36 (KHTML, like Gecko) Chrome/42.0.2311.135 Safari/537.36 Edge/12.246"
139.99.61.171 - - [24/Feb/2022:09:56:01 +0000] "HEAD /static/img/BNC_Blanco.png HTTP/1.1" 200 0 "https://elportavozchocoano.com/" "Mozilla/5.0 (Windows NT 10.0; Win64; x64) AppleWebKit/537.36 (KHTML, like Gecko) Chrome/42.0.2311.135 Safari/537.36 Edge/12.246"
139.99.61.171 - - [24/Feb/2022:09:56:01 +0000] "HEAD /static/img/Logo_3.png HTTP/1.1" 200 0 "https://elportavozchocoano.com/" "Mozilla/5.0 (Windows NT 10.0; Win64; x64) AppleWebKit/537.36 (KHTML, like Gecko) Chrome/42.0.2311.135 Safari/537.36 Edge/12.246"
139.99.61.171 - - [24/Feb/2022:09:56:02 +0000] "HEAD /static/js/splide.min.js HTTP/1.1" 200 0 "https://elportavozchocoano.com/" "Mozilla/5.0 (Windows NT 10.0; Win64; x64) AppleWebKit/537.36 (KHTML, like Gecko) Chrome/42.0.2311.135 Safari/537.36 Edge/12.246"
139.99.61.171 - - [24/Feb/2022:09:56:02 +0000] "HEAD /static/js/app.js HTTP/1.1" 200 0 "https://elportavozchocoano.com/" "Mozilla/5.0 (Windows NT 10.0; Win64; x64) AppleWebKit/537.36 (KHTML, like Gecko) Chrome/42.0.2311.135 Safari/537.36 Edge/12.246"
139.99.61.171 - - [24/Feb/2022:09:56:02 +0000] "HEAD /static/fonts/M_PLUS/MPLUS1p-Regular.ttf HTTP/1.1" 200 0 "https://elportavozchocoano.com/static/css/not_found.css" "Mozilla/5.0 (Windows NT 10.0; Win64; x64) AppleWebKit/537.36 (KHTML, like Gecko) Chrome/42.0.2311.135 Safari/537.36 Edge/12.246"
139.99.61.171 - - [24/Feb/2022:09:56:02 +0000] "HEAD /static/fonts/M_PLUS/MPLUS1p-Light.ttf HTTP/1.1" 200 0 "https://elportavozchocoano.com/static/css/not_found.css" "Mozilla/5.0 (Windows NT 10.0; Win64; x64) AppleWebKit/537.36 (KHTML, like Gecko) Chrome/42.0.2311.135 Safari/537.36 Edge/12.246"
139.99.61.171 - - [24/Feb/2022:09:56:03 +0000] "HEAD /static/fonts/Roboto/Roboto-Regular.ttf HTTP/1.1" 200 0 "https://elportavozchocoano.com/static/css/header.css" "Mozilla/5.0 (Windows NT 10.0; Win64; x64) AppleWebKit/537.36 (KHTML, like Gecko) Chrome/42.0.2311.135 Safari/537.36 Edge/12.246"
139.99.61.171 - - [24/Feb/2022:09:56:03 +0000] "HEAD /static/fonts/M_PLUS/MPLUS1p-Bold.ttf HTTP/1.1" 200 0 "https://elportavozchocoano.com/static/css/header.css" "Mozilla/5.0 (Windows NT 10.0; Win64; x64) AppleWebKit/537.36 (KHTML, like Gecko) Chrome/42.0.2311.135 Safari/537.36 Edge/12.246"
139.99.61.171 - - [24/Feb/2022:09:56:03 +0000] "HEAD /static/webfonts/fa-brands-400.woff2 HTTP/1.1" 200 0 "https://elportavozchocoano.com/static/css/all.min.css" "Mozilla/5.0 (Windows NT 10.0; Win64; x64) AppleWebKit/537.36 (KHTML, like Gecko) Chrome/42.0.2311.135 Safari/537.36 Edge/12.246"
139.99.61.171 - - [24/Feb/2022:09:56:03 +0000] "HEAD /static/webfonts/fa-brands-400.ttf HTTP/1.1" 200 0 "https://elportavozchocoano.com/static/css/all.min.css" "Mozilla/5.0 (Windows NT 10.0; Win64; x64) AppleWebKit/537.36 (KHTML, like Gecko) Chrome/42.0.2311.135 Safari/537.36 Edge/12.246"
139.99.61.171 - - [24/Feb/2022:09:56:03 +0000] "HEAD /static/webfonts/fa-regular-400.woff2 HTTP/1.1" 200 0 "https://elportavozchocoano.com/static/css/all.min.css" "Mozilla/5.0 (Windows NT 10.0; Win64; x64) AppleWebKit/537.36 (KHTML, like Gecko) Chrome/42.0.2311.135 Safari/537.36 Edge/12.246"
139.99.61.171 - - [24/Feb/2022:09:56:04 +0000] "HEAD /static/webfonts/fa-regular-400.ttf HTTP/1.1" 200 0 "https://elportavozchocoano.com/static/css/all.min.css" "Mozilla/5.0 (Windows NT 10.0; Win64; x64) AppleWebKit/537.36 (KHTML, like Gecko) Chrome/42.0.2311.135 Safari/537.36 Edge/12.246"
139.99.61.171 - - [24/Feb/2022:09:56:04 +0000] "HEAD /static/webfonts/fa-solid-900.woff2 HTTP/1.1" 200 0 "https://elportavozchocoano.com/static/css/all.min.css" "Mozilla/5.0 (Windows NT 10.0; Win64; x64) AppleWebKit/537.36 (KHTML, like Gecko) Chrome/42.0.2311.135 Safari/537.36 Edge/12.246"
139.99.61.171 - - [24/Feb/2022:09:56:04 +0000] "HEAD /static/webfonts/fa-solid-900.ttf HTTP/1.1" 200 0 "https://elportavozchocoano.com/static/css/all.min.css" "Mozilla/5.0 (Windows NT 10.0; Win64; x64) AppleWebKit/537.36 (KHTML, like Gecko) Chrome/42.0.2311.135 Safari/537.36 Edge/12.246"
